# tracer: nop
#
# entries-in-buffer/entries-written: 804/804   #P:4
#
#                                _-----=> irqs-off
#                               / _----=> need-resched
#                              | / _---=> hardirq/softirq
#                              || / _--=> preempt-depth
#                              ||| / _-=> migrate-disable
#                              |||| /     delay
#           TASK-PID     CPU#  |||||  TIMESTAMP  FUNCTION
#              | |         |   |||||     |         |
        vaitrace-145046  [002] ..... 1797395.732918: sched_process_fork: comm=vaitrace pid=145046 child_comm=vaitrace child_pid=145966
 test_performanc-145966  [001] ..... 1797395.736790: sched_process_exec: filename=/home/root/Vitis-AI/demo/Vitis-AI-Library/samples/yolov3/test_performance_yolov3 pid=145966 old_pid=145966
 test_performanc-145966  [001] d.... 1797395.800038: sched_switch: prev_comm=test_performanc prev_pid=145966 prev_prio=120 prev_state=R ==> next_comm=kpktgend_1 next_pid=210 next_prio=120
      kpktgend_1-284     [001] d.... 1797395.800063: sched_switch: prev_comm=kpktgend_1 prev_pid=284 prev_prio=120 prev_state=S ==> next_comm=test_performanc next_pid=145966 next_prio=120
 test_performanc-145966  [001] d.... 1797395.808025: sched_switch: prev_comm=test_performanc prev_pid=145966 prev_prio=120 prev_state=R ==> next_comm=kworker/1:0 next_pid=140712 next_prio=120
     kworker/1:0-140712  [001] d.... 1797395.808046: sched_switch: prev_comm=kworker/1:0 prev_pid=140712 prev_prio=120 prev_state=I ==> next_comm=test_performanc next_pid=145966 next_prio=120
 test_performanc-145966  [001] d.... 1797395.904042: sched_switch: prev_comm=test_performanc prev_pid=145966 prev_prio=120 prev_state=R ==> next_comm=kpktgend_1 next_pid=284 next_prio=120
      kpktgend_1-210     [001] d.... 1797395.904067: sched_switch: prev_comm=kpktgend_1 prev_pid=210 prev_prio=120 prev_state=S ==> next_comm=test_performanc next_pid=145966 next_prio=120
 test_performanc-145966  [001] d.... 1797395.946501: sched_switch: prev_comm=test_performanc prev_pid=145966 prev_prio=120 prev_state=R+ ==> next_comm=kworker/1:0H next_pid=18 next_prio=100
    kworker/1:0H-18      [001] d.... 1797395.946564: sched_switch: prev_comm=kworker/1:0H prev_pid=18 prev_prio=100 prev_state=I ==> next_comm=test_performanc next_pid=145966 next_prio=120
 test_performanc-145966  [001] d.... 1797395.946605: sched_switch: prev_comm=test_performanc prev_pid=145966 prev_prio=120 prev_state=D ==> next_comm=swapper/1 next_pid=0 next_prio=120
          <idle>-0       [001] d.... 1797395.950049: sched_switch: prev_comm=swapper/1 prev_pid=0 prev_prio=120 prev_state=R ==> next_comm=test_performanc next_pid=145966 next_prio=120
 test_performanc-145966  [001] d.... 1797395.950438: sched_switch: prev_comm=test_performanc prev_pid=145966 prev_prio=120 prev_state=R+ ==> next_comm=kworker/1:0H next_pid=18 next_prio=100
    kworker/1:0H-18      [001] d.... 1797395.950458: sched_switch: prev_comm=kworker/1:0H prev_pid=18 prev_prio=100 prev_state=I ==> next_comm=test_performanc next_pid=145966 next_prio=120
 test_performanc-145966  [001] d.... 1797395.950491: sched_switch: prev_comm=test_performanc prev_pid=145966 prev_prio=120 prev_state=D ==> next_comm=swapper/1 next_pid=0 next_prio=120
          <idle>-0       [001] d.... 1797395.951118: sched_switch: prev_comm=swapper/1 prev_pid=0 prev_prio=120 prev_state=R ==> next_comm=test_performanc next_pid=145966 next_prio=120
 test_performanc-145966  [001] d.... 1797396.008032: sched_switch: prev_comm=test_performanc prev_pid=145966 prev_prio=120 prev_state=R ==> next_comm=kpktgend_1 next_pid=210 next_prio=120
      kpktgend_1-284     [001] d.... 1797396.008058: sched_switch: prev_comm=kpktgend_1 prev_pid=284 prev_prio=120 prev_state=S ==> next_comm=test_performanc next_pid=145966 next_prio=120
 test_performanc-145966  [001] d.... 1797396.112034: sched_switch: prev_comm=test_performanc prev_pid=145966 prev_prio=120 prev_state=R ==> next_comm=kpktgend_1 next_pid=284 next_prio=120
      kpktgend_1-210     [001] d.... 1797396.112059: sched_switch: prev_comm=kpktgend_1 prev_pid=210 prev_prio=120 prev_state=S ==> next_comm=test_performanc next_pid=145966 next_prio=120
 test_performanc-145966  [001] d.... 1797396.216032: sched_switch: prev_comm=test_performanc prev_pid=145966 prev_prio=120 prev_state=R ==> next_comm=kpktgend_1 next_pid=210 next_prio=120
      kpktgend_1-284     [001] d.... 1797396.216057: sched_switch: prev_comm=kpktgend_1 prev_pid=284 prev_prio=120 prev_state=S ==> next_comm=test_performanc next_pid=145966 next_prio=120
 test_performanc-145966  [001] d.... 1797396.320036: sched_switch: prev_comm=test_performanc prev_pid=145966 prev_prio=120 prev_state=R ==> next_comm=kpktgend_1 next_pid=284 next_prio=120
      kpktgend_1-210     [001] d.... 1797396.320061: sched_switch: prev_comm=kpktgend_1 prev_pid=210 prev_prio=120 prev_state=S ==> next_comm=test_performanc next_pid=145966 next_prio=120
 test_performanc-145966  [001] d.... 1797396.424033: sched_switch: prev_comm=test_performanc prev_pid=145966 prev_prio=120 prev_state=R ==> next_comm=kpktgend_1 next_pid=210 next_prio=120
      kpktgend_1-284     [001] d.... 1797396.424057: sched_switch: prev_comm=kpktgend_1 prev_pid=284 prev_prio=120 prev_state=S ==> next_comm=test_performanc next_pid=145966 next_prio=120
 test_performanc-145966  [001] d.... 1797396.528034: sched_switch: prev_comm=test_performanc prev_pid=145966 prev_prio=120 prev_state=R ==> next_comm=kpktgend_1 next_pid=284 next_prio=120
      kpktgend_1-210     [001] d.... 1797396.528059: sched_switch: prev_comm=kpktgend_1 prev_pid=210 prev_prio=120 prev_state=S ==> next_comm=test_performanc next_pid=145966 next_prio=120
 test_performanc-145966  [001] d.... 1797396.632040: sched_switch: prev_comm=test_performanc prev_pid=145966 prev_prio=120 prev_state=R ==> next_comm=kpktgend_1 next_pid=210 next_prio=120
      kpktgend_1-284     [001] d.... 1797396.632066: sched_switch: prev_comm=kpktgend_1 prev_pid=284 prev_prio=120 prev_state=S ==> next_comm=test_performanc next_pid=145966 next_prio=120
 test_performanc-145966  [001] d.... 1797396.736036: sched_switch: prev_comm=test_performanc prev_pid=145966 prev_prio=120 prev_state=R ==> next_comm=kpktgend_1 next_pid=284 next_prio=120
      kpktgend_1-210     [001] d.... 1797396.736061: sched_switch: prev_comm=kpktgend_1 prev_pid=210 prev_prio=120 prev_state=S ==> next_comm=test_performanc next_pid=145966 next_prio=120
 test_performanc-145966  [001] d.... 1797396.832034: sched_switch: prev_comm=test_performanc prev_pid=145966 prev_prio=120 prev_state=R ==> next_comm=kworker/1:0 next_pid=140712 next_prio=120
     kworker/1:0-140712  [001] d.... 1797396.832173: sched_switch: prev_comm=kworker/1:0 prev_pid=140712 prev_prio=120 prev_state=I ==> next_comm=test_performanc next_pid=145966 next_prio=120
 test_performanc-145966  [001] d.... 1797396.840023: sched_switch: prev_comm=test_performanc prev_pid=145966 prev_prio=120 prev_state=R ==> next_comm=kpktgend_1 next_pid=210 next_prio=120
      kpktgend_1-284     [001] d.... 1797396.840045: sched_switch: prev_comm=kpktgend_1 prev_pid=284 prev_prio=120 prev_state=S ==> next_comm=test_performanc next_pid=145966 next_prio=120
 test_performanc-145966  [001] d.... 1797396.944031: sched_switch: prev_comm=test_performanc prev_pid=145966 prev_prio=120 prev_state=R ==> next_comm=kpktgend_1 next_pid=284 next_prio=120
      kpktgend_1-210     [001] d.... 1797396.944053: sched_switch: prev_comm=kpktgend_1 prev_pid=210 prev_prio=120 prev_state=S ==> next_comm=test_performanc next_pid=145966 next_prio=120
 test_performanc-145966  [001] d.... 1797397.048034: sched_switch: prev_comm=test_performanc prev_pid=145966 prev_prio=120 prev_state=R ==> next_comm=kpktgend_1 next_pid=210 next_prio=120
      kpktgend_1-284     [001] d.... 1797397.048055: sched_switch: prev_comm=kpktgend_1 prev_pid=284 prev_prio=120 prev_state=S ==> next_comm=test_performanc next_pid=145966 next_prio=120
 test_performanc-145966  [001] d.... 1797397.152032: sched_switch: prev_comm=test_performanc prev_pid=145966 prev_prio=120 prev_state=R ==> next_comm=kpktgend_1 next_pid=284 next_prio=120
      kpktgend_1-210     [001] d.... 1797397.152053: sched_switch: prev_comm=kpktgend_1 prev_pid=210 prev_prio=120 prev_state=S ==> next_comm=test_performanc next_pid=145966 next_prio=120
 test_performanc-145966  [001] d.... 1797397.256030: sched_switch: prev_comm=test_performanc prev_pid=145966 prev_prio=120 prev_state=R ==> next_comm=kpktgend_1 next_pid=210 next_prio=120
      kpktgend_1-284     [001] d.... 1797397.256052: sched_switch: prev_comm=kpktgend_1 prev_pid=284 prev_prio=120 prev_state=S ==> next_comm=test_performanc next_pid=145966 next_prio=120
 test_performanc-145966  [001] d.... 1797397.360033: sched_switch: prev_comm=test_performanc prev_pid=145966 prev_prio=120 prev_state=R ==> next_comm=kpktgend_1 next_pid=284 next_prio=120
      kpktgend_1-210     [001] d.... 1797397.360055: sched_switch: prev_comm=kpktgend_1 prev_pid=210 prev_prio=120 prev_state=S ==> next_comm=test_performanc next_pid=145966 next_prio=120
 test_performanc-145966  [001] d.... 1797397.464029: sched_switch: prev_comm=test_performanc prev_pid=145966 prev_prio=120 prev_state=R ==> next_comm=kpktgend_1 next_pid=210 next_prio=120
      kpktgend_1-284     [001] d.... 1797397.464051: sched_switch: prev_comm=kpktgend_1 prev_pid=284 prev_prio=120 prev_state=S ==> next_comm=test_performanc next_pid=145966 next_prio=120
 test_performanc-145966  [001] d.... 1797397.568029: sched_switch: prev_comm=test_performanc prev_pid=145966 prev_prio=120 prev_state=R ==> next_comm=kpktgend_1 next_pid=284 next_prio=120
      kpktgend_1-210     [001] d.... 1797397.568052: sched_switch: prev_comm=kpktgend_1 prev_pid=210 prev_prio=120 prev_state=S ==> next_comm=test_performanc next_pid=145966 next_prio=120
 test_performanc-145966  [001] d.... 1797397.672031: sched_switch: prev_comm=test_performanc prev_pid=145966 prev_prio=120 prev_state=R ==> next_comm=kpktgend_1 next_pid=210 next_prio=120
      kpktgend_1-284     [001] d.... 1797397.672054: sched_switch: prev_comm=kpktgend_1 prev_pid=284 prev_prio=120 prev_state=S ==> next_comm=test_performanc next_pid=145966 next_prio=120
 test_performanc-145966  [001] d.... 1797397.776031: sched_switch: prev_comm=test_performanc prev_pid=145966 prev_prio=120 prev_state=R ==> next_comm=kpktgend_1 next_pid=284 next_prio=120
      kpktgend_1-210     [001] d.... 1797397.776055: sched_switch: prev_comm=kpktgend_1 prev_pid=210 prev_prio=120 prev_state=S ==> next_comm=test_performanc next_pid=145966 next_prio=120
 test_performanc-145966  [001] d.... 1797397.824028: sched_switch: prev_comm=test_performanc prev_pid=145966 prev_prio=120 prev_state=R ==> next_comm=kworker/1:0 next_pid=140712 next_prio=120
     kworker/1:0-140712  [001] d.... 1797397.824051: sched_switch: prev_comm=kworker/1:0 prev_pid=140712 prev_prio=120 prev_state=I ==> next_comm=test_performanc next_pid=145966 next_prio=120
 test_performanc-145966  [001] d.... 1797397.880057: sched_switch: prev_comm=test_performanc prev_pid=145966 prev_prio=120 prev_state=R ==> next_comm=kpktgend_1 next_pid=210 next_prio=120
      kpktgend_1-284     [001] d.... 1797397.880079: sched_switch: prev_comm=kpktgend_1 prev_pid=284 prev_prio=120 prev_state=S ==> next_comm=test_performanc next_pid=145966 next_prio=120
 test_performanc-145966  [001] d.... 1797397.984077: sched_switch: prev_comm=test_performanc prev_pid=145966 prev_prio=120 prev_state=R ==> next_comm=kpktgend_1 next_pid=284 next_prio=120
      kpktgend_1-210     [001] d.... 1797397.984108: sched_switch: prev_comm=kpktgend_1 prev_pid=210 prev_prio=120 prev_state=S ==> next_comm=test_performanc next_pid=145966 next_prio=120
 test_performanc-145966  [001] d.... 1797398.088079: sched_switch: prev_comm=test_performanc prev_pid=145966 prev_prio=120 prev_state=R ==> next_comm=kpktgend_1 next_pid=210 next_prio=120
      kpktgend_1-284     [001] d.... 1797398.088109: sched_switch: prev_comm=kpktgend_1 prev_pid=284 prev_prio=120 prev_state=S ==> next_comm=test_performanc next_pid=145966 next_prio=120
 test_performanc-145966  [001] d.... 1797398.192029: sched_switch: prev_comm=test_performanc prev_pid=145966 prev_prio=120 prev_state=R ==> next_comm=kpktgend_1 next_pid=284 next_prio=120
      kpktgend_1-210     [001] d.... 1797398.192048: sched_switch: prev_comm=kpktgend_1 prev_pid=210 prev_prio=120 prev_state=S ==> next_comm=test_performanc next_pid=145966 next_prio=120
 test_performanc-145966  [001] d.... 1797398.296077: sched_switch: prev_comm=test_performanc prev_pid=145966 prev_prio=120 prev_state=R ==> next_comm=kpktgend_1 next_pid=210 next_prio=120
      kpktgend_1-284     [001] d.... 1797398.296108: sched_switch: prev_comm=kpktgend_1 prev_pid=284 prev_prio=120 prev_state=S ==> next_comm=test_performanc next_pid=145966 next_prio=120
 test_performanc-145966  [001] d.... 1797398.400058: sched_switch: prev_comm=test_performanc prev_pid=145966 prev_prio=120 prev_state=R ==> next_comm=kpktgend_1 next_pid=284 next_prio=120
      kpktgend_1-210     [001] d.... 1797398.400085: sched_switch: prev_comm=kpktgend_1 prev_pid=210 prev_prio=120 prev_state=S ==> next_comm=test_performanc next_pid=145966 next_prio=120
 test_performanc-145966  [001] d.... 1797398.504046: sched_switch: prev_comm=test_performanc prev_pid=145966 prev_prio=120 prev_state=R ==> next_comm=kpktgend_1 next_pid=210 next_prio=120
      kpktgend_1-284     [001] d.... 1797398.504071: sched_switch: prev_comm=kpktgend_1 prev_pid=284 prev_prio=120 prev_state=S ==> next_comm=test_performanc next_pid=145966 next_prio=120
 test_performanc-145966  [001] d.... 1797398.608034: sched_switch: prev_comm=test_performanc prev_pid=145966 prev_prio=120 prev_state=R ==> next_comm=kpktgend_1 next_pid=284 next_prio=120
      kpktgend_1-210     [001] d.... 1797398.608056: sched_switch: prev_comm=kpktgend_1 prev_pid=210 prev_prio=120 prev_state=S ==> next_comm=test_performanc next_pid=145966 next_prio=120
 test_performanc-145966  [001] d.... 1797398.712079: sched_switch: prev_comm=test_performanc prev_pid=145966 prev_prio=120 prev_state=R ==> next_comm=kpktgend_1 next_pid=210 next_prio=120
      kpktgend_1-284     [001] d.... 1797398.712112: sched_switch: prev_comm=kpktgend_1 prev_pid=284 prev_prio=120 prev_state=S ==> next_comm=test_performanc next_pid=145966 next_prio=120
 test_performanc-145966  [001] d.... 1797398.816083: sched_switch: prev_comm=test_performanc prev_pid=145966 prev_prio=120 prev_state=R ==> next_comm=kpktgend_1 next_pid=284 next_prio=120
     kworker/1:0-140712  [001] d.... 1797398.816277: sched_switch: prev_comm=kworker/1:0 prev_pid=140712 prev_prio=120 prev_state=I ==> next_comm=test_performanc next_pid=145966 next_prio=120
 test_performanc-145966  [001] d.... 1797398.861001: sched_switch: prev_comm=test_performanc prev_pid=145966 prev_prio=120 prev_state=D ==> next_comm=kworker/1:0 next_pid=140712 next_prio=120
          <idle>-0       [001] d.... 1797398.861861: sched_switch: prev_comm=swapper/1 prev_pid=0 prev_prio=120 prev_state=R ==> next_comm=test_performanc next_pid=145966 next_prio=120
 test_performanc-145966  [001] d.... 1797398.861877: sched_switch: prev_comm=test_performanc prev_pid=145966 prev_prio=120 prev_state=D ==> next_comm=swapper/1 next_pid=0 next_prio=120
          <idle>-0       [001] d.... 1797398.862459: sched_switch: prev_comm=swapper/1 prev_pid=0 prev_prio=120 prev_state=R ==> next_comm=test_performanc next_pid=145966 next_prio=120
 test_performanc-145966  [001] d.... 1797398.920068: sched_switch: prev_comm=test_performanc prev_pid=145966 prev_prio=120 prev_state=R ==> next_comm=kpktgend_1 next_pid=210 next_prio=120
      kpktgend_1-284     [001] d.... 1797398.920100: sched_switch: prev_comm=kpktgend_1 prev_pid=284 prev_prio=120 prev_state=S ==> next_comm=test_performanc next_pid=145966 next_prio=120
 test_performanc-145966  [001] d.... 1797399.024070: sched_switch: prev_comm=test_performanc prev_pid=145966 prev_prio=120 prev_state=R ==> next_comm=kpktgend_1 next_pid=284 next_prio=120
      kpktgend_1-210     [001] d.... 1797399.024097: sched_switch: prev_comm=kpktgend_1 prev_pid=210 prev_prio=120 prev_state=S ==> next_comm=test_performanc next_pid=145966 next_prio=120
 test_performanc-145966  [001] d.... 1797399.128029: sched_switch: prev_comm=test_performanc prev_pid=145966 prev_prio=120 prev_state=R ==> next_comm=kpktgend_1 next_pid=210 next_prio=120
      kpktgend_1-284     [001] d.... 1797399.128051: sched_switch: prev_comm=kpktgend_1 prev_pid=284 prev_prio=120 prev_state=S ==> next_comm=test_performanc next_pid=145966 next_prio=120
 test_performanc-145966  [001] d.... 1797399.140020: sched_switch: prev_comm=test_performanc prev_pid=145966 prev_prio=120 prev_state=R ==> next_comm=kworker/1:0 next_pid=140712 next_prio=120
     kworker/1:0-140712  [001] d.... 1797399.140031: sched_switch: prev_comm=kworker/1:0 prev_pid=140712 prev_prio=120 prev_state=I ==> next_comm=test_performanc next_pid=145966 next_prio=120
 test_performanc-145966  [001] d.... 1797399.156014: sched_switch: prev_comm=test_performanc prev_pid=145966 prev_prio=120 prev_state=R ==> next_comm=kworker/1:0 next_pid=140712 next_prio=120
     kworker/1:0-140712  [001] d.... 1797399.156021: sched_switch: prev_comm=kworker/1:0 prev_pid=140712 prev_prio=120 prev_state=I ==> next_comm=test_performanc next_pid=145966 next_prio=120
 test_performanc-145966  [001] d.... 1797399.232019: sched_switch: prev_comm=test_performanc prev_pid=145966 prev_prio=120 prev_state=R ==> next_comm=kpktgend_1 next_pid=284 next_prio=120
      kpktgend_1-210     [001] d.... 1797399.232036: sched_switch: prev_comm=kpktgend_1 prev_pid=210 prev_prio=120 prev_state=S ==> next_comm=test_performanc next_pid=145966 next_prio=120
 test_performanc-145966  [001] d.... 1797399.336019: sched_switch: prev_comm=test_performanc prev_pid=145966 prev_prio=120 prev_state=R ==> next_comm=kpktgend_1 next_pid=210 next_prio=120
      kpktgend_1-284     [001] d.... 1797399.336035: sched_switch: prev_comm=kpktgend_1 prev_pid=284 prev_prio=120 prev_state=S ==> next_comm=test_performanc next_pid=145966 next_prio=120
 test_performanc-145966  [001] d.... 1797399.440017: sched_switch: prev_comm=test_performanc prev_pid=145966 prev_prio=120 prev_state=R ==> next_comm=kpktgend_1 next_pid=284 next_prio=120
      kpktgend_1-210     [001] d.... 1797399.440030: sched_switch: prev_comm=kpktgend_1 prev_pid=210 prev_prio=120 prev_state=S ==> next_comm=test_performanc next_pid=145966 next_prio=120
 test_performanc-145966  [001] d.... 1797399.544027: sched_switch: prev_comm=test_performanc prev_pid=145966 prev_prio=120 prev_state=R ==> next_comm=kpktgend_1 next_pid=210 next_prio=120
      kpktgend_1-284     [001] d.... 1797399.544047: sched_switch: prev_comm=kpktgend_1 prev_pid=284 prev_prio=120 prev_state=S ==> next_comm=test_performanc next_pid=145966 next_prio=120
 test_performanc-145966  [001] d.... 1797399.648018: sched_switch: prev_comm=test_performanc prev_pid=145966 prev_prio=120 prev_state=R ==> next_comm=kpktgend_1 next_pid=284 next_prio=120
      kpktgend_1-210     [001] d.... 1797399.648032: sched_switch: prev_comm=kpktgend_1 prev_pid=210 prev_prio=120 prev_state=S ==> next_comm=test_performanc next_pid=145966 next_prio=120
 test_performanc-145966  [001] d.... 1797399.752016: sched_switch: prev_comm=test_performanc prev_pid=145966 prev_prio=120 prev_state=R ==> next_comm=kpktgend_1 next_pid=210 next_prio=120
      kpktgend_1-284     [001] d.... 1797399.752029: sched_switch: prev_comm=kpktgend_1 prev_pid=284 prev_prio=120 prev_state=S ==> next_comm=test_performanc next_pid=145966 next_prio=120
 test_performanc-145966  [001] d.... 1797399.808017: sched_switch: prev_comm=test_performanc prev_pid=145966 prev_prio=120 prev_state=R ==> next_comm=kworker/1:0 next_pid=140712 next_prio=120
     kworker/1:0-140712  [001] d.... 1797399.808034: sched_switch: prev_comm=kworker/1:0 prev_pid=140712 prev_prio=120 prev_state=I ==> next_comm=test_performanc next_pid=145966 next_prio=120
 test_performanc-145966  [001] d.... 1797399.856020: sched_switch: prev_comm=test_performanc prev_pid=145966 prev_prio=120 prev_state=R ==> next_comm=kpktgend_1 next_pid=284 next_prio=120
      kpktgend_1-210     [001] d.... 1797399.856032: sched_switch: prev_comm=kpktgend_1 prev_pid=210 prev_prio=120 prev_state=S ==> next_comm=test_performanc next_pid=145966 next_prio=120
 test_performanc-145966  [001] d.... 1797399.960028: sched_switch: prev_comm=test_performanc prev_pid=145966 prev_prio=120 prev_state=R ==> next_comm=kpktgend_1 next_pid=210 next_prio=120
      kpktgend_1-284     [001] d.... 1797399.960048: sched_switch: prev_comm=kpktgend_1 prev_pid=284 prev_prio=120 prev_state=S ==> next_comm=test_performanc next_pid=145966 next_prio=120
 test_performanc-145966  [001] d.... 1797400.064076: sched_switch: prev_comm=test_performanc prev_pid=145966 prev_prio=120 prev_state=R ==> next_comm=kpktgend_1 next_pid=284 next_prio=120
      kpktgend_1-210     [001] d.... 1797400.064107: sched_switch: prev_comm=kpktgend_1 prev_pid=210 prev_prio=120 prev_state=S ==> next_comm=test_performanc next_pid=145966 next_prio=120
 test_performanc-145966  [001] d.... 1797400.143412: sched_switch: prev_comm=test_performanc prev_pid=145966 prev_prio=120 prev_state=R ==> next_comm=systemd-network next_pid=612 next_prio=120
          <idle>-0       [002] d.... 1797400.144040: sched_switch: prev_comm=swapper/2 prev_pid=0 prev_prio=120 prev_state=R ==> next_comm=test_performanc next_pid=145966 next_prio=120
 test_performanc-145966  [002] d.... 1797400.200026: sched_switch: prev_comm=test_performanc prev_pid=145966 prev_prio=120 prev_state=R ==> next_comm=kpktgend_2 next_pid=285 next_prio=120
      kpktgend_2-211     [002] d.... 1797400.200048: sched_switch: prev_comm=kpktgend_2 prev_pid=211 prev_prio=120 prev_state=S ==> next_comm=test_performanc next_pid=145966 next_prio=120
 test_performanc-145966  [002] d.... 1797400.304028: sched_switch: prev_comm=test_performanc prev_pid=145966 prev_prio=120 prev_state=R ==> next_comm=kpktgend_2 next_pid=211 next_prio=120
      kpktgend_2-285     [002] d.... 1797400.304049: sched_switch: prev_comm=kpktgend_2 prev_pid=285 prev_prio=120 prev_state=S ==> next_comm=test_performanc next_pid=145966 next_prio=120
 test_performanc-145966  [002] d.... 1797400.408027: sched_switch: prev_comm=test_performanc prev_pid=145966 prev_prio=120 prev_state=R ==> next_comm=kpktgend_2 next_pid=285 next_prio=120
      kpktgend_2-211     [002] d.... 1797400.408047: sched_switch: prev_comm=kpktgend_2 prev_pid=211 prev_prio=120 prev_state=S ==> next_comm=test_performanc next_pid=145966 next_prio=120
 test_performanc-145966  [002] d.... 1797400.512025: sched_switch: prev_comm=test_performanc prev_pid=145966 prev_prio=120 prev_state=R ==> next_comm=kpktgend_2 next_pid=211 next_prio=120
      kpktgend_2-285     [002] d.... 1797400.512045: sched_switch: prev_comm=kpktgend_2 prev_pid=285 prev_prio=120 prev_state=S ==> next_comm=test_performanc next_pid=145966 next_prio=120
 test_performanc-145966  [002] d.... 1797400.616025: sched_switch: prev_comm=test_performanc prev_pid=145966 prev_prio=120 prev_state=R ==> next_comm=kpktgend_2 next_pid=285 next_prio=120
      kpktgend_2-211     [002] d.... 1797400.616045: sched_switch: prev_comm=kpktgend_2 prev_pid=211 prev_prio=120 prev_state=S ==> next_comm=test_performanc next_pid=145966 next_prio=120
 test_performanc-145966  [002] d.... 1797400.720025: sched_switch: prev_comm=test_performanc prev_pid=145966 prev_prio=120 prev_state=R ==> next_comm=kpktgend_2 next_pid=211 next_prio=120
      kpktgend_2-285     [002] d.... 1797400.720045: sched_switch: prev_comm=kpktgend_2 prev_pid=285 prev_prio=120 prev_state=S ==> next_comm=test_performanc next_pid=145966 next_prio=120
 test_performanc-145966  [002] d.... 1797400.742707: sched_switch: prev_comm=test_performanc prev_pid=145966 prev_prio=120 prev_state=R ==> next_comm=vaitrace next_pid=145046 next_prio=120
        vaitrace-145046  [002] d.... 1797400.742834: sched_switch: prev_comm=vaitrace prev_pid=145046 prev_prio=120 prev_state=S ==> next_comm=test_performanc next_pid=145966 next_prio=120
 test_performanc-145966  [002] d.... 1797400.800031: sched_switch: prev_comm=test_performanc prev_pid=145966 prev_prio=120 prev_state=R ==> next_comm=kworker/u8:2 next_pid=142511 next_prio=120
     kworker/2:1-122272  [002] d.... 1797400.800064: sched_switch: prev_comm=kworker/2:1 prev_pid=122272 prev_prio=120 prev_state=I ==> next_comm=test_performanc next_pid=145966 next_prio=120
 test_performanc-145966  [002] d.... 1797400.824030: sched_switch: prev_comm=test_performanc prev_pid=145966 prev_prio=120 prev_state=R ==> next_comm=kpktgend_2 next_pid=285 next_prio=120
      kpktgend_2-211     [002] d.... 1797400.824049: sched_switch: prev_comm=kpktgend_2 prev_pid=211 prev_prio=120 prev_state=S ==> next_comm=test_performanc next_pid=145966 next_prio=120
 test_performanc-145966  [002] d.... 1797400.832061: sched_switch: prev_comm=test_performanc prev_pid=145966 prev_prio=120 prev_state=R ==> next_comm=kworker/2:1 next_pid=122272 next_prio=120
     kworker/2:1-122272  [002] d.... 1797400.832073: sched_switch: prev_comm=kworker/2:1 prev_pid=122272 prev_prio=120 prev_state=I ==> next_comm=test_performanc next_pid=145966 next_prio=120
 test_performanc-145966  [002] d.... 1797400.928025: sched_switch: prev_comm=test_performanc prev_pid=145966 prev_prio=120 prev_state=R ==> next_comm=kpktgend_2 next_pid=211 next_prio=120
      kpktgend_2-285     [002] d.... 1797400.928045: sched_switch: prev_comm=kpktgend_2 prev_pid=285 prev_prio=120 prev_state=S ==> next_comm=test_performanc next_pid=145966 next_prio=120
 test_performanc-145966  [002] d.... 1797401.032087: sched_switch: prev_comm=test_performanc prev_pid=145966 prev_prio=120 prev_state=R ==> next_comm=kpktgend_2 next_pid=285 next_prio=120
      kpktgend_2-211     [002] d.... 1797401.032113: sched_switch: prev_comm=kpktgend_2 prev_pid=211 prev_prio=120 prev_state=S ==> next_comm=test_performanc next_pid=145966 next_prio=120
 test_performanc-145966  [002] d.... 1797401.032471: sched_switch: prev_comm=test_performanc prev_pid=145966 prev_prio=120 prev_state=D ==> next_comm=kworker/2:1 next_pid=122272 next_prio=120
     kworker/2:1-122272  [002] d.... 1797401.032734: sched_switch: prev_comm=kworker/2:1 prev_pid=122272 prev_prio=120 prev_state=I ==> next_comm=test_performanc next_pid=145966 next_prio=120
 test_performanc-145966  [002] d.... 1797401.032751: sched_switch: prev_comm=test_performanc prev_pid=145966 prev_prio=120 prev_state=D ==> next_comm=kworker/2:1 next_pid=122272 next_prio=120
     kworker/2:1-122272  [002] d.... 1797401.032786: sched_switch: prev_comm=kworker/2:1 prev_pid=122272 prev_prio=120 prev_state=I ==> next_comm=test_performanc next_pid=145966 next_prio=120
 test_performanc-145966  [002] d.... 1797401.056022: sched_switch: prev_comm=test_performanc prev_pid=145966 prev_prio=120 prev_state=R ==> next_comm=haveged next_pid=282 next_prio=120
           <...>-282     [002] d.... 1797401.056065: sched_switch: prev_comm=haveged prev_pid=282 prev_prio=120 prev_state=S ==> next_comm=test_performanc next_pid=145966 next_prio=120
 test_performanc-145966  [002] d.... 1797401.136071: sched_switch: prev_comm=test_performanc prev_pid=145966 prev_prio=120 prev_state=R ==> next_comm=kpktgend_2 next_pid=211 next_prio=120
      kpktgend_2-285     [002] d.... 1797401.136103: sched_switch: prev_comm=kpktgend_2 prev_pid=285 prev_prio=120 prev_state=S ==> next_comm=test_performanc next_pid=145966 next_prio=120
 test_performanc-145966  [002] d.... 1797401.216071: sched_switch: prev_comm=test_performanc prev_pid=145966 prev_prio=120 prev_state=R ==> next_comm=kworker/u8:2 next_pid=142511 next_prio=120
    kworker/u8:2-142511  [002] d.... 1797401.216216: sched_switch: prev_comm=kworker/u8:2 prev_pid=142511 prev_prio=120 prev_state=I ==> next_comm=test_performanc next_pid=145966 next_prio=120
 test_performanc-145966  [002] d.... 1797401.240073: sched_switch: prev_comm=test_performanc prev_pid=145966 prev_prio=120 prev_state=R ==> next_comm=kpktgend_2 next_pid=285 next_prio=120
      kpktgend_2-211     [002] d.... 1797401.240103: sched_switch: prev_comm=kpktgend_2 prev_pid=211 prev_prio=120 prev_state=S ==> next_comm=test_performanc next_pid=145966 next_prio=120
 test_performanc-145966  [002] d.... 1797401.344075: sched_switch: prev_comm=test_performanc prev_pid=145966 prev_prio=120 prev_state=R ==> next_comm=kpktgend_2 next_pid=211 next_prio=120
      kpktgend_2-285     [002] d.... 1797401.344105: sched_switch: prev_comm=kpktgend_2 prev_pid=285 prev_prio=120 prev_state=S ==> next_comm=test_performanc next_pid=145966 next_prio=120
 test_performanc-145966  [002] d.... 1797401.414672: sched_switch: prev_comm=test_performanc prev_pid=145966 prev_prio=120 prev_state=D ==> next_comm=kworker/2:1 next_pid=122272 next_prio=120
     kworker/2:1-122272  [002] d.... 1797401.415052: sched_switch: prev_comm=kworker/2:1 prev_pid=122272 prev_prio=120 prev_state=I ==> next_comm=test_performanc next_pid=145966 next_prio=120
 test_performanc-145966  [002] d.... 1797401.415075: sched_switch: prev_comm=test_performanc prev_pid=145966 prev_prio=120 prev_state=D ==> next_comm=kworker/2:1 next_pid=122272 next_prio=120
          <idle>-0       [002] d.... 1797401.415101: sched_switch: prev_comm=swapper/2 prev_pid=0 prev_prio=120 prev_state=R ==> next_comm=test_performanc next_pid=145966 next_prio=120
 test_performanc-145966  [002] d.... 1797401.448076: sched_switch: prev_comm=test_performanc prev_pid=145966 prev_prio=120 prev_state=R+ ==> next_comm=kpktgend_2 next_pid=285 next_prio=120
      kpktgend_2-211     [002] d.... 1797401.448104: sched_switch: prev_comm=kpktgend_2 prev_pid=211 prev_prio=120 prev_state=S ==> next_comm=test_performanc next_pid=145966 next_prio=120
 test_performanc-145966  [002] d.... 1797401.547508: sched_switch: prev_comm=test_performanc prev_pid=145966 prev_prio=120 prev_state=D ==> next_comm=kworker/2:1 next_pid=122272 next_prio=120
     kworker/2:1-122272  [002] d.... 1797401.547549: sched_switch: prev_comm=kworker/2:1 prev_pid=122272 prev_prio=120 prev_state=I ==> next_comm=test_performanc next_pid=145966 next_prio=120
 test_performanc-145966  [002] d.... 1797401.547572: sched_switch: prev_comm=test_performanc prev_pid=145966 prev_prio=120 prev_state=D ==> next_comm=kworker/2:1 next_pid=122272 next_prio=120
          <idle>-0       [002] d.... 1797401.547599: sched_switch: prev_comm=swapper/2 prev_pid=0 prev_prio=120 prev_state=R ==> next_comm=test_performanc next_pid=145966 next_prio=120
 test_performanc-145966  [002] d.... 1797401.552076: sched_switch: prev_comm=test_performanc prev_pid=145966 prev_prio=120 prev_state=R+ ==> next_comm=kpktgend_2 next_pid=211 next_prio=120
      kpktgend_2-285     [002] d.... 1797401.552106: sched_switch: prev_comm=kpktgend_2 prev_pid=285 prev_prio=120 prev_state=S ==> next_comm=test_performanc next_pid=145966 next_prio=120
 test_performanc-145966  [002] d.... 1797401.581707: sched_switch: prev_comm=test_performanc prev_pid=145966 prev_prio=120 prev_state=D ==> next_comm=kworker/2:1 next_pid=122272 next_prio=120
     kworker/2:1-122272  [002] d.... 1797401.581772: sched_switch: prev_comm=kworker/2:1 prev_pid=122272 prev_prio=120 prev_state=I ==> next_comm=test_performanc next_pid=145966 next_prio=120
 test_performanc-145966  [002] d.... 1797401.581792: sched_switch: prev_comm=test_performanc prev_pid=145966 prev_prio=120 prev_state=D ==> next_comm=kworker/2:1 next_pid=122272 next_prio=120
          <idle>-0       [002] d.... 1797401.581808: sched_switch: prev_comm=swapper/2 prev_pid=0 prev_prio=120 prev_state=R ==> next_comm=test_performanc next_pid=145966 next_prio=120
 test_performanc-145966  [002] d.... 1797401.583840: sched_switch: prev_comm=test_performanc prev_pid=145966 prev_prio=120 prev_state=D ==> next_comm=kworker/2:1 next_pid=122272 next_prio=120
     kworker/2:1-122272  [002] d.... 1797401.583874: sched_switch: prev_comm=kworker/2:1 prev_pid=122272 prev_prio=120 prev_state=I ==> next_comm=test_performanc next_pid=145966 next_prio=120
 test_performanc-145966  [002] d.... 1797401.583889: sched_switch: prev_comm=test_performanc prev_pid=145966 prev_prio=120 prev_state=D ==> next_comm=kworker/2:1 next_pid=122272 next_prio=120
     kworker/2:1-122272  [002] d.... 1797401.583901: sched_switch: prev_comm=kworker/2:1 prev_pid=122272 prev_prio=120 prev_state=I ==> next_comm=test_performanc next_pid=145966 next_prio=120
 test_performanc-145966  [002] ..... 1797401.617766: sched_process_fork: comm=test_performanc pid=145966 child_comm=test_performanc child_pid=145967
          <idle>-0       [001] d.... 1797401.617789: sched_switch: prev_comm=swapper/1 prev_pid=0 prev_prio=120 prev_state=R ==> next_comm=test_performanc next_pid=145967 next_prio=120
 test_performanc-145967  [001] d.... 1797401.617802: sched_switch: prev_comm=test_performanc prev_pid=145967 prev_prio=120 prev_state=D ==> next_comm=swapper/1 next_pid=0 next_prio=120
          <idle>-0       [001] d.... 1797401.617812: sched_switch: prev_comm=swapper/1 prev_pid=0 prev_prio=120 prev_state=R ==> next_comm=test_performanc next_pid=145967 next_prio=120
 test_performanc-145966  [002] ..... 1797401.617885: sched_process_fork: comm=test_performanc pid=145966 child_comm=test_performanc child_pid=145968
          <idle>-0       [003] d.... 1797401.617902: sched_switch: prev_comm=swapper/3 prev_pid=0 prev_prio=120 prev_state=R ==> next_comm=test_performanc next_pid=145968 next_prio=120
 test_performanc-145967  [001] d.... 1797401.617931: sched_switch: prev_comm=test_performanc prev_pid=145967 prev_prio=120 prev_state=R ==> next_comm=swapper/1 next_pid=0 next_prio=120
          <idle>-0       [001] d.... 1797401.617939: sched_switch: prev_comm=swapper/1 prev_pid=0 prev_prio=120 prev_state=R ==> next_comm=test_performanc next_pid=145967 next_prio=120
 test_performanc-145967  [001] d.... 1797401.617943: sched_switch: prev_comm=test_performanc prev_pid=145967 prev_prio=120 prev_state=D ==> next_comm=swapper/1 next_pid=0 next_prio=120
          <idle>-0       [001] d.... 1797401.617951: sched_switch: prev_comm=swapper/1 prev_pid=0 prev_prio=120 prev_state=R ==> next_comm=test_performanc next_pid=145967 next_prio=120
 test_performanc-145968  [003] d.... 1797401.617959: sched_switch: prev_comm=test_performanc prev_pid=145968 prev_prio=120 prev_state=D ==> next_comm=swapper/3 next_pid=0 next_prio=120
          <idle>-0       [003] d.... 1797401.617966: sched_switch: prev_comm=swapper/3 prev_pid=0 prev_prio=120 prev_state=R ==> next_comm=test_performanc next_pid=145968 next_prio=120
 test_performanc-145968  [003] d.... 1797401.617977: sched_switch: prev_comm=test_performanc prev_pid=145968 prev_prio=120 prev_state=D ==> next_comm=swapper/3 next_pid=0 next_prio=120
          <idle>-0       [003] d.... 1797401.617986: sched_switch: prev_comm=swapper/3 prev_pid=0 prev_prio=120 prev_state=R ==> next_comm=test_performanc next_pid=145968 next_prio=120
 test_performanc-145967  [001] ..... 1797401.618055: sched_process_fork: comm=test_performanc pid=145967 child_comm=test_performanc child_pid=145969
          <idle>-0       [000] d.... 1797401.618069: sched_switch: prev_comm=swapper/0 prev_pid=0 prev_prio=120 prev_state=R ==> next_comm=test_performanc next_pid=145969 next_prio=120
 test_performanc-145969  [000] d.... 1797401.618332: sched_switch: prev_comm=test_performanc prev_pid=145969 prev_prio=120 prev_state=S ==> next_comm=swapper/0 next_pid=0 next_prio=120
 test_performanc-145968  [003] d.... 1797401.620063: sched_switch: prev_comm=test_performanc prev_pid=145968 prev_prio=120 prev_state=R ==> next_comm=rcu_sched next_pid=11 next_prio=120
       rcu_sched-11      [003] d.... 1797401.620085: sched_switch: prev_comm=rcu_sched prev_pid=11 prev_prio=120 prev_state=I ==> next_comm=test_performanc next_pid=145968 next_prio=120
 test_performanc-145966  [002] d.... 1797401.622483: sched_switch: prev_comm=test_performanc prev_pid=145966 prev_prio=120 prev_state=S ==> next_comm=swapper/2 next_pid=0 next_prio=120
 test_performanc-145968  [003] d.... 1797401.622538: sched_switch: prev_comm=test_performanc prev_pid=145968 prev_prio=120 prev_state=S ==> next_comm=swapper/3 next_pid=0 next_prio=120
          <idle>-0       [002] d.... 1797401.622704: sched_switch: prev_comm=swapper/2 prev_pid=0 prev_prio=120 prev_state=R ==> next_comm=test_performanc next_pid=145966 next_prio=120
 test_performanc-145967  [001] d.... 1797401.622708: sched_switch: prev_comm=test_performanc prev_pid=145967 prev_prio=120 prev_state=S ==> next_comm=swapper/1 next_pid=0 next_prio=120
          <idle>-0       [003] d.... 1797401.625504: sched_switch: prev_comm=swapper/3 prev_pid=0 prev_prio=120 prev_state=R ==> next_comm=test_performanc next_pid=145968 next_prio=120
          <idle>-0       [001] d.... 1797401.625507: sched_switch: prev_comm=swapper/1 prev_pid=0 prev_prio=120 prev_state=R ==> next_comm=test_performanc next_pid=145967 next_prio=120
          <idle>-0       [000] d.... 1797401.625524: sched_switch: prev_comm=swapper/0 prev_pid=0 prev_prio=120 prev_state=R ==> next_comm=test_performanc next_pid=145969 next_prio=120
 test_performanc-145967  [001] d.... 1797401.625588: sched_switch: prev_comm=test_performanc prev_pid=145967 prev_prio=120 prev_state=D ==> next_comm=swapper/1 next_pid=0 next_prio=120
          <idle>-0       [001] d.... 1797401.625604: sched_switch: prev_comm=swapper/1 prev_pid=0 prev_prio=120 prev_state=R ==> next_comm=test_performanc next_pid=145967 next_prio=120
 test_performanc-145968  [003] d.... 1797401.625700: sched_switch: prev_comm=test_performanc prev_pid=145968 prev_prio=120 prev_state=S ==> next_comm=swapper/3 next_pid=0 next_prio=120
 test_performanc-145967  [001] d.... 1797401.628060: sched_switch: prev_comm=test_performanc prev_pid=145967 prev_prio=120 prev_state=R ==> next_comm=kpktgend_1 next_pid=284 next_prio=120
      kpktgend_1-210     [001] d.... 1797401.628088: sched_switch: prev_comm=kpktgend_1 prev_pid=210 prev_prio=120 prev_state=S ==> next_comm=test_performanc next_pid=145967 next_prio=120
 test_performanc-145967  [001] d.... 1797401.630097: sched_switch: prev_comm=test_performanc prev_pid=145967 prev_prio=120 prev_state=S ==> next_comm=swapper/1 next_pid=0 next_prio=120
 test_performanc-145969  [000] d.... 1797401.630118: sched_switch: prev_comm=test_performanc prev_pid=145969 prev_prio=120 prev_state=S ==> next_comm=swapper/0 next_pid=0 next_prio=120
          <idle>-0       [001] d.... 1797401.632579: sched_switch: prev_comm=swapper/1 prev_pid=0 prev_prio=120 prev_state=R ==> next_comm=test_performanc next_pid=145967 next_prio=120
          <idle>-0       [000] d.... 1797401.632579: sched_switch: prev_comm=swapper/0 prev_pid=0 prev_prio=120 prev_state=R ==> next_comm=test_performanc next_pid=145969 next_prio=120
          <idle>-0       [003] d.... 1797401.632599: sched_switch: prev_comm=swapper/3 prev_pid=0 prev_prio=120 prev_state=R ==> next_comm=test_performanc next_pid=145968 next_prio=120
 test_performanc-145968  [003] d.... 1797401.632789: sched_switch: prev_comm=test_performanc prev_pid=145968 prev_prio=120 prev_state=S ==> next_comm=swapper/3 next_pid=0 next_prio=120
 test_performanc-145969  [000] d.... 1797401.636998: sched_switch: prev_comm=test_performanc prev_pid=145969 prev_prio=120 prev_state=S ==> next_comm=swapper/0 next_pid=0 next_prio=120
 test_performanc-145967  [001] d.... 1797401.636998: sched_switch: prev_comm=test_performanc prev_pid=145967 prev_prio=120 prev_state=S ==> next_comm=swapper/1 next_pid=0 next_prio=120
          <idle>-0       [000] d.... 1797401.639465: sched_switch: prev_comm=swapper/0 prev_pid=0 prev_prio=120 prev_state=R ==> next_comm=test_performanc next_pid=145969 next_prio=120
          <idle>-0       [001] d.... 1797401.639465: sched_switch: prev_comm=swapper/1 prev_pid=0 prev_prio=120 prev_state=R ==> next_comm=test_performanc next_pid=145967 next_prio=120
          <idle>-0       [003] d.... 1797401.639485: sched_switch: prev_comm=swapper/3 prev_pid=0 prev_prio=120 prev_state=R ==> next_comm=test_performanc next_pid=145968 next_prio=120
 test_performanc-145968  [003] d.... 1797401.639675: sched_switch: prev_comm=test_performanc prev_pid=145968 prev_prio=120 prev_state=S ==> next_comm=swapper/3 next_pid=0 next_prio=120
 test_performanc-145969  [000] d.... 1797401.641169: sched_switch: prev_comm=test_performanc prev_pid=145969 prev_prio=120 prev_state=R ==> next_comm=vaitrace next_pid=145634 next_prio=120
        vaitrace-145634  [000] d.... 1797401.641215: sched_switch: prev_comm=vaitrace prev_pid=145634 prev_prio=120 prev_state=S ==> next_comm=test_performanc next_pid=145969 next_prio=120
 test_performanc-145967  [001] d.... 1797401.643873: sched_switch: prev_comm=test_performanc prev_pid=145967 prev_prio=120 prev_state=S ==> next_comm=swapper/1 next_pid=0 next_prio=120
 test_performanc-145969  [000] d.... 1797401.643897: sched_switch: prev_comm=test_performanc prev_pid=145969 prev_prio=120 prev_state=S ==> next_comm=swapper/0 next_pid=0 next_prio=120
          <idle>-0       [000] d.... 1797401.646208: sched_switch: prev_comm=swapper/0 prev_pid=0 prev_prio=120 prev_state=R ==> next_comm=test_performanc next_pid=145969 next_prio=120
          <idle>-0       [001] d.... 1797401.646208: sched_switch: prev_comm=swapper/1 prev_pid=0 prev_prio=120 prev_state=R ==> next_comm=test_performanc next_pid=145967 next_prio=120
          <idle>-0       [003] d.... 1797401.646227: sched_switch: prev_comm=swapper/3 prev_pid=0 prev_prio=120 prev_state=R ==> next_comm=test_performanc next_pid=145968 next_prio=120
 test_performanc-145968  [003] d.... 1797401.646414: sched_switch: prev_comm=test_performanc prev_pid=145968 prev_prio=120 prev_state=S ==> next_comm=swapper/3 next_pid=0 next_prio=120
 test_performanc-145969  [000] d.... 1797401.650569: sched_switch: prev_comm=test_performanc prev_pid=145969 prev_prio=120 prev_state=S ==> next_comm=swapper/0 next_pid=0 next_prio=120
 test_performanc-145967  [001] d.... 1797401.650601: sched_switch: prev_comm=test_performanc prev_pid=145967 prev_prio=120 prev_state=S ==> next_comm=swapper/1 next_pid=0 next_prio=120
          <idle>-0       [000] d.... 1797401.652713: sched_switch: prev_comm=swapper/0 prev_pid=0 prev_prio=120 prev_state=R ==> next_comm=test_performanc next_pid=145969 next_prio=120
          <idle>-0       [001] d.... 1797401.652717: sched_switch: prev_comm=swapper/1 prev_pid=0 prev_prio=120 prev_state=R ==> next_comm=test_performanc next_pid=145967 next_prio=120
          <idle>-0       [003] d.... 1797401.652732: sched_switch: prev_comm=swapper/3 prev_pid=0 prev_prio=120 prev_state=R ==> next_comm=test_performanc next_pid=145968 next_prio=120
 test_performanc-145968  [003] d.... 1797401.652917: sched_switch: prev_comm=test_performanc prev_pid=145968 prev_prio=120 prev_state=S ==> next_comm=swapper/3 next_pid=0 next_prio=120
 test_performanc-145966  [002] d.... 1797401.656081: sched_switch: prev_comm=test_performanc prev_pid=145966 prev_prio=120 prev_state=R ==> next_comm=kpktgend_2 next_pid=285 next_prio=120
      kpktgend_2-211     [002] d.... 1797401.656111: sched_switch: prev_comm=kpktgend_2 prev_pid=211 prev_prio=120 prev_state=S ==> next_comm=test_performanc next_pid=145966 next_prio=120
 test_performanc-145969  [000] d.... 1797401.657111: sched_switch: prev_comm=test_performanc prev_pid=145969 prev_prio=120 prev_state=S ==> next_comm=swapper/0 next_pid=0 next_prio=120
 test_performanc-145967  [001] d.... 1797401.657119: sched_switch: prev_comm=test_performanc prev_pid=145967 prev_prio=120 prev_state=S ==> next_comm=swapper/1 next_pid=0 next_prio=120
          <idle>-0       [000] d.... 1797401.659522: sched_switch: prev_comm=swapper/0 prev_pid=0 prev_prio=120 prev_state=R ==> next_comm=test_performanc next_pid=145969 next_prio=120
          <idle>-0       [001] d.... 1797401.659522: sched_switch: prev_comm=swapper/1 prev_pid=0 prev_prio=120 prev_state=R ==> next_comm=test_performanc next_pid=145967 next_prio=120
          <idle>-0       [003] d.... 1797401.659541: sched_switch: prev_comm=swapper/3 prev_pid=0 prev_prio=120 prev_state=R ==> next_comm=test_performanc next_pid=145968 next_prio=120
 test_performanc-145968  [003] d.... 1797401.659728: sched_switch: prev_comm=test_performanc prev_pid=145968 prev_prio=120 prev_state=S ==> next_comm=swapper/3 next_pid=0 next_prio=120
 test_performanc-145969  [000] d.... 1797401.661632: sched_switch: prev_comm=test_performanc prev_pid=145969 prev_prio=120 prev_state=R ==> next_comm=vaitrace next_pid=145634 next_prio=120
        vaitrace-145634  [000] d.... 1797401.661683: sched_switch: prev_comm=vaitrace prev_pid=145634 prev_prio=120 prev_state=S ==> next_comm=test_performanc next_pid=145969 next_prio=120
 test_performanc-145967  [001] d.... 1797401.663947: sched_switch: prev_comm=test_performanc prev_pid=145967 prev_prio=120 prev_state=S ==> next_comm=swapper/1 next_pid=0 next_prio=120
 test_performanc-145969  [000] d.... 1797401.663955: sched_switch: prev_comm=test_performanc prev_pid=145969 prev_prio=120 prev_state=S ==> next_comm=swapper/0 next_pid=0 next_prio=120
          <idle>-0       [001] d.... 1797401.666013: sched_switch: prev_comm=swapper/1 prev_pid=0 prev_prio=120 prev_state=R ==> next_comm=test_performanc next_pid=145967 next_prio=120
          <idle>-0       [000] d.... 1797401.666014: sched_switch: prev_comm=swapper/0 prev_pid=0 prev_prio=120 prev_state=R ==> next_comm=test_performanc next_pid=145969 next_prio=120
          <idle>-0       [003] d.... 1797401.666031: sched_switch: prev_comm=swapper/3 prev_pid=0 prev_prio=120 prev_state=R ==> next_comm=test_performanc next_pid=145968 next_prio=120
 test_performanc-145968  [003] d.... 1797401.666220: sched_switch: prev_comm=test_performanc prev_pid=145968 prev_prio=120 prev_state=S ==> next_comm=swapper/3 next_pid=0 next_prio=120
 test_performanc-145967  [001] d.... 1797401.670415: sched_switch: prev_comm=test_performanc prev_pid=145967 prev_prio=120 prev_state=S ==> next_comm=swapper/1 next_pid=0 next_prio=120
 test_performanc-145969  [000] d.... 1797401.670415: sched_switch: prev_comm=test_performanc prev_pid=145969 prev_prio=120 prev_state=S ==> next_comm=swapper/0 next_pid=0 next_prio=120
          <idle>-0       [000] d.... 1797401.672827: sched_switch: prev_comm=swapper/0 prev_pid=0 prev_prio=120 prev_state=R ==> next_comm=test_performanc next_pid=145969 next_prio=120
          <idle>-0       [001] d.... 1797401.672827: sched_switch: prev_comm=swapper/1 prev_pid=0 prev_prio=120 prev_state=R ==> next_comm=test_performanc next_pid=145967 next_prio=120
          <idle>-0       [003] d.... 1797401.672845: sched_switch: prev_comm=swapper/3 prev_pid=0 prev_prio=120 prev_state=R ==> next_comm=test_performanc next_pid=145968 next_prio=120
 test_performanc-145968  [003] d.... 1797401.673032: sched_switch: prev_comm=test_performanc prev_pid=145968 prev_prio=120 prev_state=S ==> next_comm=swapper/3 next_pid=0 next_prio=120
 test_performanc-145969  [000] d.... 1797401.677183: sched_switch: prev_comm=test_performanc prev_pid=145969 prev_prio=120 prev_state=S ==> next_comm=swapper/0 next_pid=0 next_prio=120
 test_performanc-145967  [001] d.... 1797401.677238: sched_switch: prev_comm=test_performanc prev_pid=145967 prev_prio=120 prev_state=S ==> next_comm=swapper/1 next_pid=0 next_prio=120
          <idle>-0       [000] d.... 1797401.679587: sched_switch: prev_comm=swapper/0 prev_pid=0 prev_prio=120 prev_state=R ==> next_comm=test_performanc next_pid=145969 next_prio=120
          <idle>-0       [001] d.... 1797401.679588: sched_switch: prev_comm=swapper/1 prev_pid=0 prev_prio=120 prev_state=R ==> next_comm=test_performanc next_pid=145967 next_prio=120
          <idle>-0       [003] d.... 1797401.679607: sched_switch: prev_comm=swapper/3 prev_pid=0 prev_prio=120 prev_state=R ==> next_comm=test_performanc next_pid=145968 next_prio=120
 test_performanc-145969  [000] d.... 1797401.679779: sched_switch: prev_comm=test_performanc prev_pid=145969 prev_prio=120 prev_state=S ==> next_comm=swapper/0 next_pid=0 next_prio=120
 test_performanc-145968  [003] d.... 1797401.684048: sched_switch: prev_comm=test_performanc prev_pid=145968 prev_prio=120 prev_state=R ==> next_comm=rcu_sched next_pid=11 next_prio=120
 test_performanc-145967  [001] d.... 1797401.684052: sched_switch: prev_comm=test_performanc prev_pid=145967 prev_prio=120 prev_state=S ==> next_comm=swapper/1 next_pid=0 next_prio=120
       rcu_sched-11      [003] d.... 1797401.684077: sched_switch: prev_comm=rcu_sched prev_pid=11 prev_prio=120 prev_state=I ==> next_comm=test_performanc next_pid=145968 next_prio=120
 test_performanc-145968  [003] d.... 1797401.684091: sched_switch: prev_comm=test_performanc prev_pid=145968 prev_prio=120 prev_state=S ==> next_comm=swapper/3 next_pid=0 next_prio=120
 test_performanc-145966  [002] d.... 1797401.686047: sched_switch: prev_comm=test_performanc prev_pid=145966 prev_prio=120 prev_state=R ==> next_comm=kworker/u8:2 next_pid=142511 next_prio=120
    kworker/u8:2-142511  [002] d.... 1797401.686072: sched_switch: prev_comm=kworker/u8:2 prev_pid=142511 prev_prio=120 prev_state=I ==> next_comm=test_performanc next_pid=145966 next_prio=120
 test_performanc-145966  [002] d.... 1797401.743841: sched_switch: prev_comm=test_performanc prev_pid=145966 prev_prio=120 prev_state=R ==> next_comm=vaitrace next_pid=145046 next_prio=120
        vaitrace-145046  [002] d.... 1797401.743988: sched_switch: prev_comm=vaitrace prev_pid=145046 prev_prio=120 prev_state=S ==> next_comm=test_performanc next_pid=145966 next_prio=120
 test_performanc-145966  [002] d.... 1797401.760083: sched_switch: prev_comm=test_performanc prev_pid=145966 prev_prio=120 prev_state=R ==> next_comm=kpktgend_2 next_pid=211 next_prio=120
