      kpktgend_2-285     [002] d.... 1797401.760112: sched_switch: prev_comm=kpktgend_2 prev_pid=285 prev_prio=120 prev_state=S ==> next_comm=test_performanc next_pid=145966 next_prio=120
 test_performanc-145966  [002] d.... 1797401.824078: sched_switch: prev_comm=test_performanc prev_pid=145966 prev_prio=120 prev_state=R ==> next_comm=jbd2/mmcblk0p2- next_pid=238 next_prio=120
     kworker/2:1-122272  [002] d.... 1797401.824320: sched_switch: prev_comm=kworker/2:1 prev_pid=122272 prev_prio=120 prev_state=I ==> next_comm=test_performanc next_pid=145966 next_prio=120
 test_performanc-145966  [002] d.... 1797401.828834: sched_switch: prev_comm=test_performanc prev_pid=145966 prev_prio=120 prev_state=R ==> next_comm=jbd2/mmcblk0p2- next_pid=238 next_prio=120
    kworker/2:1H-242     [002] d.... 1797401.828974: sched_switch: prev_comm=kworker/2:1H prev_pid=242 prev_prio=100 prev_state=I ==> next_comm=test_performanc next_pid=145966 next_prio=120
 test_performanc-145966  [002] d.... 1797401.829714: sched_switch: prev_comm=test_performanc prev_pid=145966 prev_prio=120 prev_state=R ==> next_comm=jbd2/mmcblk0p2- next_pid=238 next_prio=120
 jbd2/mmcblk0p2--238     [002] d.... 1797401.829776: sched_switch: prev_comm=jbd2/mmcblk0p2- prev_pid=238 prev_prio=120 prev_state=S ==> next_comm=test_performanc next_pid=145966 next_prio=120
 test_performanc-145966  [002] d.... 1797401.864078: sched_switch: prev_comm=test_performanc prev_pid=145966 prev_prio=120 prev_state=R ==> next_comm=kpktgend_2 next_pid=285 next_prio=120
      kpktgend_2-211     [002] d.... 1797401.864109: sched_switch: prev_comm=kpktgend_2 prev_pid=211 prev_prio=120 prev_state=S ==> next_comm=test_performanc next_pid=145966 next_prio=120
 test_performanc-145966  [002] d.... 1797401.968068: sched_switch: prev_comm=test_performanc prev_pid=145966 prev_prio=120 prev_state=R ==> next_comm=kpktgend_2 next_pid=211 next_prio=120
      kpktgend_2-285     [002] d.... 1797401.968095: sched_switch: prev_comm=kpktgend_2 prev_pid=285 prev_prio=120 prev_state=S ==> next_comm=test_performanc next_pid=145966 next_prio=120
 test_performanc-145966  [002] d.... 1797402.072954: sched_switch: prev_comm=test_performanc prev_pid=145966 prev_prio=120 prev_state=R ==> next_comm=kpktgend_2 next_pid=285 next_prio=120
      kpktgend_2-211     [002] d.... 1797402.072980: sched_switch: prev_comm=kpktgend_2 prev_pid=211 prev_prio=120 prev_state=S ==> next_comm=test_performanc next_pid=145966 next_prio=120
 test_performanc-145966  [002] d.... 1797402.078971: sched_switch: prev_comm=test_performanc prev_pid=145966 prev_prio=120 prev_state=D ==> next_comm=kworker/2:1 next_pid=122272 next_prio=120
     kworker/2:1-122272  [002] d.... 1797402.079417: sched_switch: prev_comm=kworker/2:1 prev_pid=122272 prev_prio=120 prev_state=I ==> next_comm=test_performanc next_pid=145966 next_prio=120
 test_performanc-145966  [002] d.... 1797402.079434: sched_switch: prev_comm=test_performanc prev_pid=145966 prev_prio=120 prev_state=D ==> next_comm=kworker/2:1 next_pid=122272 next_prio=120
          <idle>-0       [002] d.... 1797402.079459: sched_switch: prev_comm=swapper/2 prev_pid=0 prev_prio=120 prev_state=R ==> next_comm=test_performanc next_pid=145966 next_prio=120
 test_performanc-145966  [002] d.... 1797402.091801: sched_switch: prev_comm=test_performanc prev_pid=145966 prev_prio=120 prev_state=D ==> next_comm=kworker/2:1 next_pid=122272 next_prio=120
     kworker/2:1-122272  [002] d.... 1797402.091861: sched_switch: prev_comm=kworker/2:1 prev_pid=122272 prev_prio=120 prev_state=I ==> next_comm=test_performanc next_pid=145966 next_prio=120
 test_performanc-145966  [002] d.... 1797402.091877: sched_switch: prev_comm=test_performanc prev_pid=145966 prev_prio=120 prev_state=D ==> next_comm=kworker/2:1 next_pid=122272 next_prio=120
          <idle>-0       [002] d.... 1797402.091896: sched_switch: prev_comm=swapper/2 prev_pid=0 prev_prio=120 prev_state=R ==> next_comm=test_performanc next_pid=145966 next_prio=120
 test_performanc-145966  [002] d.... 1797402.093996: sched_switch: prev_comm=test_performanc prev_pid=145966 prev_prio=120 prev_state=D ==> next_comm=kworker/2:1 next_pid=122272 next_prio=120
     kworker/2:1-122272  [002] d.... 1797402.094047: sched_switch: prev_comm=kworker/2:1 prev_pid=122272 prev_prio=120 prev_state=I ==> next_comm=test_performanc next_pid=145966 next_prio=120
 test_performanc-145966  [002] d.... 1797402.094063: sched_switch: prev_comm=test_performanc prev_pid=145966 prev_prio=120 prev_state=D ==> next_comm=kworker/2:1 next_pid=122272 next_prio=120
     kworker/2:1-122272  [002] d.... 1797402.094076: sched_switch: prev_comm=kworker/2:1 prev_pid=122272 prev_prio=120 prev_state=I ==> next_comm=test_performanc next_pid=145966 next_prio=120
 test_performanc-145966  [002] ..... 1797402.123001: sched_process_fork: comm=test_performanc pid=145966 child_comm=test_performanc child_pid=145970
          <idle>-0       [003] d.... 1797402.123025: sched_switch: prev_comm=swapper/3 prev_pid=0 prev_prio=120 prev_state=R ==> next_comm=test_performanc next_pid=145970 next_prio=120
 test_performanc-145966  [002] d.... 1797402.123054: sched_switch: prev_comm=test_performanc prev_pid=145966 prev_prio=120 prev_state=D ==> next_comm=swapper/2 next_pid=0 next_prio=120
          <idle>-0       [002] d.... 1797402.123066: sched_switch: prev_comm=swapper/2 prev_pid=0 prev_prio=120 prev_state=R ==> next_comm=test_performanc next_pid=145966 next_prio=120
 test_performanc-145970  [003] d.... 1797402.123089: sched_switch: prev_comm=test_performanc prev_pid=145970 prev_prio=120 prev_state=S ==> next_comm=swapper/3 next_pid=0 next_prio=120
 test_performanc-145966  [002] ..... 1797402.123162: sched_process_fork: comm=test_performanc pid=145966 child_comm=test_performanc child_pid=145971
          <idle>-0       [001] d.... 1797402.123175: sched_switch: prev_comm=swapper/1 prev_pid=0 prev_prio=120 prev_state=R ==> next_comm=test_performanc next_pid=145971 next_prio=120
 test_performanc-145971  [001] d.... 1797402.123209: sched_switch: prev_comm=test_performanc prev_pid=145971 prev_prio=120 prev_state=S ==> next_comm=swapper/1 next_pid=0 next_prio=120
          <idle>-0       [003] d.... 1797402.123222: sched_switch: prev_comm=swapper/3 prev_pid=0 prev_prio=120 prev_state=R ==> next_comm=test_performanc next_pid=145970 next_prio=120
          <idle>-0       [001] d.... 1797402.123237: sched_switch: prev_comm=swapper/1 prev_pid=0 prev_prio=120 prev_state=R ==> next_comm=test_performanc next_pid=145971 next_prio=120
 test_performanc-145971  [001] d.... 1797402.123269: sched_switch: prev_comm=test_performanc prev_pid=145971 prev_prio=120 prev_state=D ==> next_comm=swapper/1 next_pid=0 next_prio=120
          <idle>-0       [001] d.... 1797402.123275: sched_switch: prev_comm=swapper/1 prev_pid=0 prev_prio=120 prev_state=R ==> next_comm=test_performanc next_pid=145971 next_prio=120
 test_performanc-145971  [001] d.... 1797402.123280: sched_switch: prev_comm=test_performanc prev_pid=145971 prev_prio=120 prev_state=R ==> next_comm=swapper/1 next_pid=0 next_prio=120
          <idle>-0       [001] d.... 1797402.123285: sched_switch: prev_comm=swapper/1 prev_pid=0 prev_prio=120 prev_state=R ==> next_comm=test_performanc next_pid=145971 next_prio=120
 test_performanc-145971  [001] d.... 1797402.123289: sched_switch: prev_comm=test_performanc prev_pid=145971 prev_prio=120 prev_state=D ==> next_comm=swapper/1 next_pid=0 next_prio=120
    kworker/u8:2-142511  [001] d.... 1797402.123334: sched_switch: prev_comm=kworker/u8:2 prev_pid=142511 prev_prio=120 prev_state=I ==> next_comm=test_performanc next_pid=145971 next_prio=120
 test_performanc-145966  [002] d.... 1797402.123336: sched_switch: prev_comm=test_performanc prev_pid=145966 prev_prio=120 prev_state=S ==> next_comm=swapper/2 next_pid=0 next_prio=120
 test_performanc-145970  [003] d.... 1797402.123338: sched_switch: prev_comm=test_performanc prev_pid=145970 prev_prio=120 prev_state=R ==> next_comm=dropbear next_pid=142532 next_prio=120
        dropbear-142532  [003] d.... 1797402.123685: sched_switch: prev_comm=dropbear prev_pid=142532 prev_prio=120 prev_state=S ==> next_comm=test_performanc next_pid=145970 next_prio=120
 test_performanc-145971  [001] d.... 1797402.123751: sched_switch: prev_comm=test_performanc prev_pid=145971 prev_prio=120 prev_state=R ==> next_comm=swapper/1 next_pid=0 next_prio=120
          <idle>-0       [001] d.... 1797402.123760: sched_switch: prev_comm=swapper/1 prev_pid=0 prev_prio=120 prev_state=R ==> next_comm=test_performanc next_pid=145971 next_prio=120
 test_performanc-145970  [003] d.... 1797402.124047: sched_switch: prev_comm=test_performanc prev_pid=145970 prev_prio=120 prev_state=R ==> next_comm=kpktgend_3 next_pid=286 next_prio=120
      kpktgend_3-212     [003] d.... 1797402.124071: sched_switch: prev_comm=kpktgend_3 prev_pid=212 prev_prio=120 prev_state=S ==> next_comm=test_performanc next_pid=145970 next_prio=120
 test_performanc-145971  [001] d.... 1797402.125919: sched_switch: prev_comm=test_performanc prev_pid=145971 prev_prio=120 prev_state=R ==> next_comm=DPUCZDX8G_2 next_pid=1898 next_prio=120
 test_performanc-145970  [003] d.... 1797402.125937: sched_switch: prev_comm=test_performanc prev_pid=145970 prev_prio=120 prev_state=S ==> next_comm=swapper/3 next_pid=0 next_prio=120
     DPUCZDX8G_2-1898    [001] d.... 1797402.125948: sched_switch: prev_comm=DPUCZDX8G_2 prev_pid=1898 prev_prio=120 prev_state=D ==> next_comm=test_performanc next_pid=145971 next_prio=120
 test_performanc-145971  [001] d.... 1797402.125961: sched_switch: prev_comm=test_performanc prev_pid=145971 prev_prio=120 prev_state=S ==> next_comm=swapper/1 next_pid=0 next_prio=120
          <idle>-0       [003] d.... 1797402.195042: sched_switch: prev_comm=swapper/3 prev_pid=0 prev_prio=120 prev_state=R ==> next_comm=test_performanc next_pid=145970 next_prio=120
 test_performanc-145970  [003] d.... 1797402.196040: sched_switch: prev_comm=test_performanc prev_pid=145970 prev_prio=120 prev_state=R ==> next_comm=rcu_sched next_pid=11 next_prio=120
       rcu_sched-11      [003] d.... 1797402.196052: sched_switch: prev_comm=rcu_sched prev_pid=11 prev_prio=120 prev_state=I ==> next_comm=test_performanc next_pid=145970 next_prio=120
     DPUCZDX8G_2-1898    [001] d.... 1797402.197203: sched_switch: prev_comm=DPUCZDX8G_2 prev_pid=1898 prev_prio=120 prev_state=S ==> next_comm=test_performanc next_pid=145971 next_prio=120
 test_performanc-145970  [003] d.... 1797402.197978: sched_switch: prev_comm=test_performanc prev_pid=145970 prev_prio=120 prev_state=S ==> next_comm=swapper/3 next_pid=0 next_prio=120
 test_performanc-145971  [001] d.... 1797402.200355: sched_switch: prev_comm=test_performanc prev_pid=145971 prev_prio=120 prev_state=R ==> next_comm=DPUCZDX8G_2 next_pid=1898 next_prio=120
     DPUCZDX8G_2-1898    [001] d.... 1797402.200396: sched_switch: prev_comm=DPUCZDX8G_2 prev_pid=1898 prev_prio=120 prev_state=D ==> next_comm=test_performanc next_pid=145971 next_prio=120
 test_performanc-145971  [001] d.... 1797402.200454: sched_switch: prev_comm=test_performanc prev_pid=145971 prev_prio=120 prev_state=S ==> next_comm=swapper/1 next_pid=0 next_prio=120
          <idle>-0       [003] d.... 1797402.266871: sched_switch: prev_comm=swapper/3 prev_pid=0 prev_prio=120 prev_state=R ==> next_comm=test_performanc next_pid=145970 next_prio=120
 test_performanc-145970  [003] d.... 1797402.269238: sched_switch: prev_comm=test_performanc prev_pid=145970 prev_prio=120 prev_state=S ==> next_comm=swapper/3 next_pid=0 next_prio=120
     DPUCZDX8G_2-1898    [001] d.... 1797402.271543: sched_switch: prev_comm=DPUCZDX8G_2 prev_pid=1898 prev_prio=120 prev_state=S ==> next_comm=test_performanc next_pid=145971 next_prio=120
 test_performanc-145971  [001] d.... 1797402.274276: sched_switch: prev_comm=test_performanc prev_pid=145971 prev_prio=120 prev_state=R ==> next_comm=DPUCZDX8G_2 next_pid=1898 next_prio=120
     DPUCZDX8G_2-1898    [001] d.... 1797402.274304: sched_switch: prev_comm=DPUCZDX8G_2 prev_pid=1898 prev_prio=120 prev_state=D ==> next_comm=test_performanc next_pid=145971 next_prio=120
 test_performanc-145971  [001] d.... 1797402.274332: sched_switch: prev_comm=test_performanc prev_pid=145971 prev_prio=120 prev_state=S ==> next_comm=swapper/1 next_pid=0 next_prio=120
          <idle>-0       [003] d.... 1797402.338035: sched_switch: prev_comm=swapper/3 prev_pid=0 prev_prio=120 prev_state=R ==> next_comm=test_performanc next_pid=145970 next_prio=120
 test_performanc-145970  [003] d.... 1797402.340246: sched_switch: prev_comm=test_performanc prev_pid=145970 prev_prio=120 prev_state=S ==> next_comm=swapper/3 next_pid=0 next_prio=120
     DPUCZDX8G_2-1898    [001] d.... 1797402.345309: sched_switch: prev_comm=DPUCZDX8G_2 prev_pid=1898 prev_prio=120 prev_state=S ==> next_comm=test_performanc next_pid=145971 next_prio=120
 test_performanc-145971  [001] d.... 1797402.347678: sched_switch: prev_comm=test_performanc prev_pid=145971 prev_prio=120 prev_state=R ==> next_comm=DPUCZDX8G_2 next_pid=1898 next_prio=120
     DPUCZDX8G_2-1898    [001] d.... 1797402.347708: sched_switch: prev_comm=DPUCZDX8G_2 prev_pid=1898 prev_prio=120 prev_state=D ==> next_comm=test_performanc next_pid=145971 next_prio=120
 test_performanc-145971  [001] d.... 1797402.347730: sched_switch: prev_comm=test_performanc prev_pid=145971 prev_prio=120 prev_state=S ==> next_comm=swapper/1 next_pid=0 next_prio=120
          <idle>-0       [003] d.... 1797402.408955: sched_switch: prev_comm=swapper/3 prev_pid=0 prev_prio=120 prev_state=R ==> next_comm=test_performanc next_pid=145970 next_prio=120
 test_performanc-145970  [003] d.... 1797402.411232: sched_switch: prev_comm=test_performanc prev_pid=145970 prev_prio=120 prev_state=S ==> next_comm=swapper/3 next_pid=0 next_prio=120
     DPUCZDX8G_2-1898    [001] d.... 1797402.418525: sched_switch: prev_comm=DPUCZDX8G_2 prev_pid=1898 prev_prio=120 prev_state=S ==> next_comm=test_performanc next_pid=145971 next_prio=120
 test_performanc-145971  [001] d.... 1797402.420969: sched_switch: prev_comm=test_performanc prev_pid=145971 prev_prio=120 prev_state=R ==> next_comm=DPUCZDX8G_2 next_pid=1898 next_prio=120
     DPUCZDX8G_2-1898    [001] d.... 1797402.420992: sched_switch: prev_comm=DPUCZDX8G_2 prev_pid=1898 prev_prio=120 prev_state=D ==> next_comm=test_performanc next_pid=145971 next_prio=120
 test_performanc-145971  [001] d.... 1797402.421016: sched_switch: prev_comm=test_performanc prev_pid=145971 prev_prio=120 prev_state=S ==> next_comm=swapper/1 next_pid=0 next_prio=120
          <idle>-0       [003] d.... 1797402.479888: sched_switch: prev_comm=swapper/3 prev_pid=0 prev_prio=120 prev_state=R ==> next_comm=test_performanc next_pid=145970 next_prio=120
 test_performanc-145970  [003] d.... 1797402.482030: sched_switch: prev_comm=test_performanc prev_pid=145970 prev_prio=120 prev_state=S ==> next_comm=swapper/3 next_pid=0 next_prio=120
     DPUCZDX8G_2-1898    [001] d.... 1797402.492193: sched_switch: prev_comm=DPUCZDX8G_2 prev_pid=1898 prev_prio=120 prev_state=S ==> next_comm=test_performanc next_pid=145971 next_prio=120
 test_performanc-145971  [001] d.... 1797402.494441: sched_switch: prev_comm=test_performanc prev_pid=145971 prev_prio=120 prev_state=R ==> next_comm=DPUCZDX8G_2 next_pid=1898 next_prio=120
     DPUCZDX8G_2-1898    [001] d.... 1797402.494466: sched_switch: prev_comm=DPUCZDX8G_2 prev_pid=1898 prev_prio=120 prev_state=D ==> next_comm=test_performanc next_pid=145971 next_prio=120
 test_performanc-145971  [001] d.... 1797402.494487: sched_switch: prev_comm=test_performanc prev_pid=145971 prev_prio=120 prev_state=S ==> next_comm=swapper/1 next_pid=0 next_prio=120
          <idle>-0       [003] d.... 1797402.550831: sched_switch: prev_comm=swapper/3 prev_pid=0 prev_prio=120 prev_state=R ==> next_comm=test_performanc next_pid=145970 next_prio=120
 test_performanc-145970  [003] d.... 1797402.553142: sched_switch: prev_comm=test_performanc prev_pid=145970 prev_prio=120 prev_state=S ==> next_comm=swapper/3 next_pid=0 next_prio=120
     DPUCZDX8G_2-1898    [001] d.... 1797402.565227: sched_switch: prev_comm=DPUCZDX8G_2 prev_pid=1898 prev_prio=120 prev_state=S ==> next_comm=test_performanc next_pid=145971 next_prio=120
 test_performanc-145971  [001] d.... 1797402.567624: sched_switch: prev_comm=test_performanc prev_pid=145971 prev_prio=120 prev_state=R ==> next_comm=DPUCZDX8G_2 next_pid=1898 next_prio=120
     DPUCZDX8G_2-1898    [001] d.... 1797402.567646: sched_switch: prev_comm=DPUCZDX8G_2 prev_pid=1898 prev_prio=120 prev_state=D ==> next_comm=test_performanc next_pid=145971 next_prio=120
 test_performanc-145971  [001] d.... 1797402.567665: sched_switch: prev_comm=test_performanc prev_pid=145971 prev_prio=120 prev_state=S ==> next_comm=swapper/1 next_pid=0 next_prio=120
          <idle>-0       [003] d.... 1797402.621867: sched_switch: prev_comm=swapper/3 prev_pid=0 prev_prio=120 prev_state=R ==> next_comm=test_performanc next_pid=145970 next_prio=120
 test_performanc-145970  [003] d.... 1797402.624247: sched_switch: prev_comm=test_performanc prev_pid=145970 prev_prio=120 prev_state=S ==> next_comm=swapper/3 next_pid=0 next_prio=120
     DPUCZDX8G_2-1898    [001] d.... 1797402.638456: sched_switch: prev_comm=DPUCZDX8G_2 prev_pid=1898 prev_prio=120 prev_state=S ==> next_comm=test_performanc next_pid=145971 next_prio=120
 test_performanc-145971  [001] d.... 1797402.640828: sched_switch: prev_comm=test_performanc prev_pid=145971 prev_prio=120 prev_state=R ==> next_comm=DPUCZDX8G_2 next_pid=1898 next_prio=120
     DPUCZDX8G_2-1898    [001] d.... 1797402.640855: sched_switch: prev_comm=DPUCZDX8G_2 prev_pid=1898 prev_prio=120 prev_state=D ==> next_comm=test_performanc next_pid=145971 next_prio=120
 test_performanc-145971  [001] d.... 1797402.640875: sched_switch: prev_comm=test_performanc prev_pid=145971 prev_prio=120 prev_state=S ==> next_comm=swapper/1 next_pid=0 next_prio=120
          <idle>-0       [003] d.... 1797402.692896: sched_switch: prev_comm=swapper/3 prev_pid=0 prev_prio=120 prev_state=R ==> next_comm=test_performanc next_pid=145970 next_prio=120
 test_performanc-145970  [003] d.... 1797402.695170: sched_switch: prev_comm=test_performanc prev_pid=145970 prev_prio=120 prev_state=S ==> next_comm=swapper/3 next_pid=0 next_prio=120
     DPUCZDX8G_2-1898    [001] d.... 1797402.711976: sched_switch: prev_comm=DPUCZDX8G_2 prev_pid=1898 prev_prio=120 prev_state=S ==> next_comm=test_performanc next_pid=145971 next_prio=120
 test_performanc-145971  [001] d.... 1797402.714231: sched_switch: prev_comm=test_performanc prev_pid=145971 prev_prio=120 prev_state=R ==> next_comm=DPUCZDX8G_2 next_pid=1898 next_prio=120
     DPUCZDX8G_2-1898    [001] d.... 1797402.714256: sched_switch: prev_comm=DPUCZDX8G_2 prev_pid=1898 prev_prio=120 prev_state=D ==> next_comm=test_performanc next_pid=145971 next_prio=120
 test_performanc-145971  [001] d.... 1797402.714276: sched_switch: prev_comm=test_performanc prev_pid=145971 prev_prio=120 prev_state=S ==> next_comm=swapper/1 next_pid=0 next_prio=120
          <idle>-0       [003] d.... 1797402.763884: sched_switch: prev_comm=swapper/3 prev_pid=0 prev_prio=120 prev_state=R ==> next_comm=test_performanc next_pid=145970 next_prio=120
 test_performanc-145970  [003] d.... 1797402.766351: sched_switch: prev_comm=test_performanc prev_pid=145970 prev_prio=120 prev_state=S ==> next_comm=swapper/3 next_pid=0 next_prio=120
     DPUCZDX8G_2-1898    [001] d.... 1797402.785211: sched_switch: prev_comm=DPUCZDX8G_2 prev_pid=1898 prev_prio=120 prev_state=S ==> next_comm=test_performanc next_pid=145971 next_prio=120
 test_performanc-145971  [001] d.... 1797402.787648: sched_switch: prev_comm=test_performanc prev_pid=145971 prev_prio=120 prev_state=R ==> next_comm=DPUCZDX8G_2 next_pid=1898 next_prio=120
     DPUCZDX8G_2-1898    [001] d.... 1797402.787682: sched_switch: prev_comm=DPUCZDX8G_2 prev_pid=1898 prev_prio=120 prev_state=D ==> next_comm=test_performanc next_pid=145971 next_prio=120
 test_performanc-145971  [001] d.... 1797402.787708: sched_switch: prev_comm=test_performanc prev_pid=145971 prev_prio=120 prev_state=S ==> next_comm=swapper/1 next_pid=0 next_prio=120
          <idle>-0       [003] d.... 1797402.835074: sched_switch: prev_comm=swapper/3 prev_pid=0 prev_prio=120 prev_state=R ==> next_comm=test_performanc next_pid=145970 next_prio=120
 test_performanc-145970  [003] d.... 1797402.837461: sched_switch: prev_comm=test_performanc prev_pid=145970 prev_prio=120 prev_state=S ==> next_comm=swapper/3 next_pid=0 next_prio=120
     DPUCZDX8G_2-1898    [001] d.... 1797402.858592: sched_switch: prev_comm=DPUCZDX8G_2 prev_pid=1898 prev_prio=120 prev_state=S ==> next_comm=test_performanc next_pid=145971 next_prio=120
 test_performanc-145971  [001] d.... 1797402.861031: sched_switch: prev_comm=test_performanc prev_pid=145971 prev_prio=120 prev_state=R ==> next_comm=DPUCZDX8G_2 next_pid=1898 next_prio=120
     DPUCZDX8G_2-1898    [001] d.... 1797402.861074: sched_switch: prev_comm=DPUCZDX8G_2 prev_pid=1898 prev_prio=120 prev_state=D ==> next_comm=test_performanc next_pid=145971 next_prio=120
 test_performanc-145971  [001] d.... 1797402.861138: sched_switch: prev_comm=test_performanc prev_pid=145971 prev_prio=120 prev_state=S ==> next_comm=swapper/1 next_pid=0 next_prio=120
          <idle>-0       [003] d.... 1797402.906180: sched_switch: prev_comm=swapper/3 prev_pid=0 prev_prio=120 prev_state=R ==> next_comm=test_performanc next_pid=145970 next_prio=120
 test_performanc-145970  [003] d.... 1797402.908426: sched_switch: prev_comm=test_performanc prev_pid=145970 prev_prio=120 prev_state=S ==> next_comm=swapper/3 next_pid=0 next_prio=120
     DPUCZDX8G_2-1898    [001] d.... 1797402.932252: sched_switch: prev_comm=DPUCZDX8G_2 prev_pid=1898 prev_prio=120 prev_state=S ==> next_comm=test_performanc next_pid=145971 next_prio=120
 test_performanc-145971  [001] d.... 1797402.934394: sched_switch: prev_comm=test_performanc prev_pid=145971 prev_prio=120 prev_state=R ==> next_comm=DPUCZDX8G_2 next_pid=1898 next_prio=120
     DPUCZDX8G_2-1898    [001] d.... 1797402.934420: sched_switch: prev_comm=DPUCZDX8G_2 prev_pid=1898 prev_prio=120 prev_state=D ==> next_comm=test_performanc next_pid=145971 next_prio=120
 test_performanc-145971  [001] d.... 1797402.934441: sched_switch: prev_comm=test_performanc prev_pid=145971 prev_prio=120 prev_state=S ==> next_comm=swapper/1 next_pid=0 next_prio=120
          <idle>-0       [003] d.... 1797402.977236: sched_switch: prev_comm=swapper/3 prev_pid=0 prev_prio=120 prev_state=R ==> next_comm=test_performanc next_pid=145970 next_prio=120
 test_performanc-145970  [003] d.... 1797402.979397: sched_switch: prev_comm=test_performanc prev_pid=145970 prev_prio=120 prev_state=S ==> next_comm=swapper/3 next_pid=0 next_prio=120
     DPUCZDX8G_2-1898    [001] d.... 1797403.005424: sched_switch: prev_comm=DPUCZDX8G_2 prev_pid=1898 prev_prio=120 prev_state=S ==> next_comm=test_performanc next_pid=145971 next_prio=120
 test_performanc-145971  [001] d.... 1797403.007594: sched_switch: prev_comm=test_performanc prev_pid=145971 prev_prio=120 prev_state=R ==> next_comm=DPUCZDX8G_2 next_pid=1898 next_prio=120
     DPUCZDX8G_2-1898    [001] d.... 1797403.007620: sched_switch: prev_comm=DPUCZDX8G_2 prev_pid=1898 prev_prio=120 prev_state=D ==> next_comm=test_performanc next_pid=145971 next_prio=120
 test_performanc-145971  [001] d.... 1797403.007659: sched_switch: prev_comm=test_performanc prev_pid=145971 prev_prio=120 prev_state=S ==> next_comm=swapper/1 next_pid=0 next_prio=120
          <idle>-0       [003] d.... 1797403.048145: sched_switch: prev_comm=swapper/3 prev_pid=0 prev_prio=120 prev_state=R ==> next_comm=test_performanc next_pid=145970 next_prio=120
 test_performanc-145970  [003] d.... 1797403.050234: sched_switch: prev_comm=test_performanc prev_pid=145970 prev_prio=120 prev_state=S ==> next_comm=swapper/3 next_pid=0 next_prio=120
     DPUCZDX8G_2-1898    [001] d.... 1797403.079122: sched_switch: prev_comm=DPUCZDX8G_2 prev_pid=1898 prev_prio=120 prev_state=S ==> next_comm=test_performanc next_pid=145971 next_prio=120
 test_performanc-145971  [001] d.... 1797403.081229: sched_switch: prev_comm=test_performanc prev_pid=145971 prev_prio=120 prev_state=R ==> next_comm=DPUCZDX8G_2 next_pid=1898 next_prio=120
     DPUCZDX8G_2-1898    [001] d.... 1797403.081259: sched_switch: prev_comm=DPUCZDX8G_2 prev_pid=1898 prev_prio=120 prev_state=D ==> next_comm=test_performanc next_pid=145971 next_prio=120
 test_performanc-145971  [001] d.... 1797403.081296: sched_switch: prev_comm=test_performanc prev_pid=145971 prev_prio=120 prev_state=S ==> next_comm=swapper/1 next_pid=0 next_prio=120
          <idle>-0       [003] d.... 1797403.119030: sched_switch: prev_comm=swapper/3 prev_pid=0 prev_prio=120 prev_state=R ==> next_comm=test_performanc next_pid=145970 next_prio=120
 test_performanc-145970  [003] d.... 1797403.121226: sched_switch: prev_comm=test_performanc prev_pid=145970 prev_prio=120 prev_state=S ==> next_comm=swapper/3 next_pid=0 next_prio=120
     DPUCZDX8G_2-1898    [001] d.... 1797403.152442: sched_switch: prev_comm=DPUCZDX8G_2 prev_pid=1898 prev_prio=120 prev_state=S ==> next_comm=test_performanc next_pid=145971 next_prio=120
 test_performanc-145971  [001] d.... 1797403.154650: sched_switch: prev_comm=test_performanc prev_pid=145971 prev_prio=120 prev_state=R ==> next_comm=DPUCZDX8G_2 next_pid=1898 next_prio=120
     DPUCZDX8G_2-1898    [001] d.... 1797403.154673: sched_switch: prev_comm=DPUCZDX8G_2 prev_pid=1898 prev_prio=120 prev_state=D ==> next_comm=test_performanc next_pid=145971 next_prio=120
 test_performanc-145971  [001] d.... 1797403.154695: sched_switch: prev_comm=test_performanc prev_pid=145971 prev_prio=120 prev_state=S ==> next_comm=swapper/1 next_pid=0 next_prio=120
          <idle>-0       [003] d.... 1797403.190010: sched_switch: prev_comm=swapper/3 prev_pid=0 prev_prio=120 prev_state=R ==> next_comm=test_performanc next_pid=145970 next_prio=120
 test_performanc-145970  [003] d.... 1797403.192173: sched_switch: prev_comm=test_performanc prev_pid=145970 prev_prio=120 prev_state=S ==> next_comm=swapper/3 next_pid=0 next_prio=120
     DPUCZDX8G_2-1898    [001] d.... 1797403.225660: sched_switch: prev_comm=DPUCZDX8G_2 prev_pid=1898 prev_prio=120 prev_state=S ==> next_comm=test_performanc next_pid=145971 next_prio=120
 test_performanc-145971  [001] d.... 1797403.228078: sched_switch: prev_comm=test_performanc prev_pid=145971 prev_prio=120 prev_state=R ==> next_comm=DPUCZDX8G_2 next_pid=1898 next_prio=120
     DPUCZDX8G_2-1898    [001] d.... 1797403.228099: sched_switch: prev_comm=DPUCZDX8G_2 prev_pid=1898 prev_prio=120 prev_state=D ==> next_comm=test_performanc next_pid=145971 next_prio=120
 test_performanc-145971  [001] d.... 1797403.228118: sched_switch: prev_comm=test_performanc prev_pid=145971 prev_prio=120 prev_state=S ==> next_comm=swapper/1 next_pid=0 next_prio=120
          <idle>-0       [003] d.... 1797403.261039: sched_switch: prev_comm=swapper/3 prev_pid=0 prev_prio=120 prev_state=R ==> next_comm=test_performanc next_pid=145970 next_prio=120
 test_performanc-145970  [003] d.... 1797403.263286: sched_switch: prev_comm=test_performanc prev_pid=145970 prev_prio=120 prev_state=S ==> next_comm=swapper/3 next_pid=0 next_prio=120
     DPUCZDX8G_2-1898    [001] d.... 1797403.299331: sched_switch: prev_comm=DPUCZDX8G_2 prev_pid=1898 prev_prio=120 prev_state=S ==> next_comm=test_performanc next_pid=145971 next_prio=120
 test_performanc-145971  [001] d.... 1797403.301580: sched_switch: prev_comm=test_performanc prev_pid=145971 prev_prio=120 prev_state=R ==> next_comm=DPUCZDX8G_2 next_pid=1898 next_prio=120
     DPUCZDX8G_2-1898    [001] d.... 1797403.301612: sched_switch: prev_comm=DPUCZDX8G_2 prev_pid=1898 prev_prio=120 prev_state=D ==> next_comm=test_performanc next_pid=145971 next_prio=120
 test_performanc-145971  [001] d.... 1797403.301649: sched_switch: prev_comm=test_performanc prev_pid=145971 prev_prio=120 prev_state=S ==> next_comm=swapper/1 next_pid=0 next_prio=120
          <idle>-0       [003] d.... 1797403.332250: sched_switch: prev_comm=swapper/3 prev_pid=0 prev_prio=120 prev_state=R ==> next_comm=test_performanc next_pid=145970 next_prio=120
 test_performanc-145970  [003] d.... 1797403.334517: sched_switch: prev_comm=test_performanc prev_pid=145970 prev_prio=120 prev_state=S ==> next_comm=swapper/3 next_pid=0 next_prio=120
     DPUCZDX8G_2-1898    [001] d.... 1797403.372471: sched_switch: prev_comm=DPUCZDX8G_2 prev_pid=1898 prev_prio=120 prev_state=S ==> next_comm=test_performanc next_pid=145971 next_prio=120
 test_performanc-145971  [001] d.... 1797403.374940: sched_switch: prev_comm=test_performanc prev_pid=145971 prev_prio=120 prev_state=R ==> next_comm=DPUCZDX8G_2 next_pid=1898 next_prio=120
     DPUCZDX8G_2-1898    [001] d.... 1797403.374961: sched_switch: prev_comm=DPUCZDX8G_2 prev_pid=1898 prev_prio=120 prev_state=D ==> next_comm=test_performanc next_pid=145971 next_prio=120
 test_performanc-145971  [001] d.... 1797403.374979: sched_switch: prev_comm=test_performanc prev_pid=145971 prev_prio=120 prev_state=S ==> next_comm=swapper/1 next_pid=0 next_prio=120
          <idle>-0       [003] d.... 1797403.403519: sched_switch: prev_comm=swapper/3 prev_pid=0 prev_prio=120 prev_state=R ==> next_comm=test_performanc next_pid=145970 next_prio=120
 test_performanc-145970  [003] d.... 1797403.405712: sched_switch: prev_comm=test_performanc prev_pid=145970 prev_prio=120 prev_state=S ==> next_comm=swapper/3 next_pid=0 next_prio=120
     DPUCZDX8G_2-1898    [001] d.... 1797403.445837: sched_switch: prev_comm=DPUCZDX8G_2 prev_pid=1898 prev_prio=120 prev_state=S ==> next_comm=test_performanc next_pid=145971 next_prio=120
 test_performanc-145971  [001] d.... 1797403.448092: sched_switch: prev_comm=test_performanc prev_pid=145971 prev_prio=120 prev_state=R ==> next_comm=DPUCZDX8G_2 next_pid=1898 next_prio=120
     DPUCZDX8G_2-1898    [001] d.... 1797403.448115: sched_switch: prev_comm=DPUCZDX8G_2 prev_pid=1898 prev_prio=120 prev_state=D ==> next_comm=test_performanc next_pid=145971 next_prio=120
 test_performanc-145971  [001] d.... 1797403.448135: sched_switch: prev_comm=test_performanc prev_pid=145971 prev_prio=120 prev_state=S ==> next_comm=swapper/1 next_pid=0 next_prio=120
          <idle>-0       [003] d.... 1797403.474729: sched_switch: prev_comm=swapper/3 prev_pid=0 prev_prio=120 prev_state=R ==> next_comm=test_performanc next_pid=145970 next_prio=120
 test_performanc-145970  [003] d.... 1797403.476032: sched_switch: prev_comm=test_performanc prev_pid=145970 prev_prio=120 prev_state=R ==> next_comm=kpktgend_3 next_pid=212 next_prio=120
      kpktgend_3-286     [003] d.... 1797403.476054: sched_switch: prev_comm=kpktgend_3 prev_pid=286 prev_prio=120 prev_state=S ==> next_comm=test_performanc next_pid=145970 next_prio=120
 test_performanc-145970  [003] d.... 1797403.477181: sched_switch: prev_comm=test_performanc prev_pid=145970 prev_prio=120 prev_state=S ==> next_comm=swapper/3 next_pid=0 next_prio=120
     DPUCZDX8G_2-1898    [001] d.... 1797403.518921: sched_switch: prev_comm=DPUCZDX8G_2 prev_pid=1898 prev_prio=120 prev_state=S ==> next_comm=test_performanc next_pid=145971 next_prio=120
 test_performanc-145971  [001] d.... 1797403.521467: sched_switch: prev_comm=test_performanc prev_pid=145971 prev_prio=120 prev_state=R ==> next_comm=DPUCZDX8G_2 next_pid=1898 next_prio=120
     DPUCZDX8G_2-1898    [001] d.... 1797403.521493: sched_switch: prev_comm=DPUCZDX8G_2 prev_pid=1898 prev_prio=120 prev_state=D ==> next_comm=test_performanc next_pid=145971 next_prio=120
 test_performanc-145971  [001] d.... 1797403.521517: sched_switch: prev_comm=test_performanc prev_pid=145971 prev_prio=120 prev_state=S ==> next_comm=swapper/1 next_pid=0 next_prio=120
          <idle>-0       [003] d.... 1797403.546032: sched_switch: prev_comm=swapper/3 prev_pid=0 prev_prio=120 prev_state=R ==> next_comm=test_performanc next_pid=145970 next_prio=120
 test_performanc-145970  [003] d.... 1797403.548243: sched_switch: prev_comm=test_performanc prev_pid=145970 prev_prio=120 prev_state=S ==> next_comm=swapper/3 next_pid=0 next_prio=120
     DPUCZDX8G_2-1898    [001] d.... 1797403.592532: sched_switch: prev_comm=DPUCZDX8G_2 prev_pid=1898 prev_prio=120 prev_state=S ==> next_comm=test_performanc next_pid=145971 next_prio=120
 test_performanc-145971  [001] d.... 1797403.594829: sched_switch: prev_comm=test_performanc prev_pid=145971 prev_prio=120 prev_state=R ==> next_comm=DPUCZDX8G_2 next_pid=1898 next_prio=120
     DPUCZDX8G_2-1898    [001] d.... 1797403.594862: sched_switch: prev_comm=DPUCZDX8G_2 prev_pid=1898 prev_prio=120 prev_state=D ==> next_comm=test_performanc next_pid=145971 next_prio=120
 test_performanc-145971  [001] d.... 1797403.594898: sched_switch: prev_comm=test_performanc prev_pid=145971 prev_prio=120 prev_state=S ==> next_comm=swapper/1 next_pid=0 next_prio=120
          <idle>-0       [003] d.... 1797403.617001: sched_switch: prev_comm=swapper/3 prev_pid=0 prev_prio=120 prev_state=R ==> next_comm=test_performanc next_pid=145970 next_prio=120
 test_performanc-145970  [003] d.... 1797403.619174: sched_switch: prev_comm=test_performanc prev_pid=145970 prev_prio=120 prev_state=S ==> next_comm=swapper/3 next_pid=0 next_prio=120
     DPUCZDX8G_2-1898    [001] d.... 1797403.665913: sched_switch: prev_comm=DPUCZDX8G_2 prev_pid=1898 prev_prio=120 prev_state=S ==> next_comm=test_performanc next_pid=145971 next_prio=120
 test_performanc-145971  [001] d.... 1797403.668203: sched_switch: prev_comm=test_performanc prev_pid=145971 prev_prio=120 prev_state=R ==> next_comm=DPUCZDX8G_2 next_pid=1898 next_prio=120
     DPUCZDX8G_2-1898    [001] d.... 1797403.668226: sched_switch: prev_comm=DPUCZDX8G_2 prev_pid=1898 prev_prio=120 prev_state=D ==> next_comm=test_performanc next_pid=145971 next_prio=120
 test_performanc-145971  [001] d.... 1797403.668246: sched_switch: prev_comm=test_performanc prev_pid=145971 prev_prio=120 prev_state=S ==> next_comm=swapper/1 next_pid=0 next_prio=120
          <idle>-0       [003] d.... 1797403.687972: sched_switch: prev_comm=swapper/3 prev_pid=0 prev_prio=120 prev_state=R ==> next_comm=test_performanc next_pid=145970 next_prio=120
 test_performanc-145970  [003] d.... 1797403.690129: sched_switch: prev_comm=test_performanc prev_pid=145970 prev_prio=120 prev_state=S ==> next_comm=swapper/3 next_pid=0 next_prio=120
     DPUCZDX8G_2-1898    [001] d.... 1797403.739120: sched_switch: prev_comm=DPUCZDX8G_2 prev_pid=1898 prev_prio=120 prev_state=S ==> next_comm=test_performanc next_pid=145971 next_prio=120
 test_performanc-145971  [001] d.... 1797403.741791: sched_switch: prev_comm=test_performanc prev_pid=145971 prev_prio=120 prev_state=R ==> next_comm=DPUCZDX8G_2 next_pid=1898 next_prio=120
     DPUCZDX8G_2-1898    [001] d.... 1797403.741811: sched_switch: prev_comm=DPUCZDX8G_2 prev_pid=1898 prev_prio=120 prev_state=D ==> next_comm=test_performanc next_pid=145971 next_prio=120
 test_performanc-145971  [001] d.... 1797403.741830: sched_switch: prev_comm=test_performanc prev_pid=145971 prev_prio=120 prev_state=S ==> next_comm=swapper/1 next_pid=0 next_prio=120
          <idle>-0       [003] d.... 1797403.759044: sched_switch: prev_comm=swapper/3 prev_pid=0 prev_prio=120 prev_state=R ==> next_comm=test_performanc next_pid=145970 next_prio=120
 test_performanc-145970  [003] d.... 1797403.761214: sched_switch: prev_comm=test_performanc prev_pid=145970 prev_prio=120 prev_state=S ==> next_comm=swapper/3 next_pid=0 next_prio=120
     DPUCZDX8G_2-1898    [001] d.... 1797403.812915: sched_switch: prev_comm=DPUCZDX8G_2 prev_pid=1898 prev_prio=120 prev_state=S ==> next_comm=test_performanc next_pid=145971 next_prio=120
 test_performanc-145971  [001] d.... 1797403.815605: sched_switch: prev_comm=test_performanc prev_pid=145971 prev_prio=120 prev_state=R ==> next_comm=DPUCZDX8G_2 next_pid=1898 next_prio=120
     DPUCZDX8G_2-1898    [001] d.... 1797403.815639: sched_switch: prev_comm=DPUCZDX8G_2 prev_pid=1898 prev_prio=120 prev_state=D ==> next_comm=test_performanc next_pid=145971 next_prio=120
 test_performanc-145971  [001] d.... 1797403.815666: sched_switch: prev_comm=test_performanc prev_pid=145971 prev_prio=120 prev_state=S ==> next_comm=swapper/1 next_pid=0 next_prio=120
          <idle>-0       [003] d.... 1797403.830019: sched_switch: prev_comm=swapper/3 prev_pid=0 prev_prio=120 prev_state=R ==> next_comm=test_performanc next_pid=145970 next_prio=120
 test_performanc-145970  [003] d.... 1797403.832307: sched_switch: prev_comm=test_performanc prev_pid=145970 prev_prio=120 prev_state=S ==> next_comm=swapper/3 next_pid=0 next_prio=120
     DPUCZDX8G_2-1898    [001] d.... 1797403.886619: sched_switch: prev_comm=DPUCZDX8G_2 prev_pid=1898 prev_prio=120 prev_state=S ==> next_comm=test_performanc next_pid=145971 next_prio=120
 test_performanc-145971  [001] d.... 1797403.888900: sched_switch: prev_comm=test_performanc prev_pid=145971 prev_prio=120 prev_state=R ==> next_comm=DPUCZDX8G_2 next_pid=1898 next_prio=120
     DPUCZDX8G_2-1898    [001] d.... 1797403.888921: sched_switch: prev_comm=DPUCZDX8G_2 prev_pid=1898 prev_prio=120 prev_state=D ==> next_comm=test_performanc next_pid=145971 next_prio=120
 test_performanc-145971  [001] d.... 1797403.888942: sched_switch: prev_comm=test_performanc prev_pid=145971 prev_prio=120 prev_state=S ==> next_comm=swapper/1 next_pid=0 next_prio=120
          <idle>-0       [003] d.... 1797403.900972: sched_switch: prev_comm=swapper/3 prev_pid=0 prev_prio=120 prev_state=R ==> next_comm=test_performanc next_pid=145970 next_prio=120
 test_performanc-145970  [003] d.... 1797403.903137: sched_switch: prev_comm=test_performanc prev_pid=145970 prev_prio=120 prev_state=S ==> next_comm=swapper/3 next_pid=0 next_prio=120
     DPUCZDX8G_2-1898    [001] d.... 1797403.959828: sched_switch: prev_comm=DPUCZDX8G_2 prev_pid=1898 prev_prio=120 prev_state=S ==> next_comm=test_performanc next_pid=145971 next_prio=120
 test_performanc-145971  [001] d.... 1797403.961978: sched_switch: prev_comm=test_performanc prev_pid=145971 prev_prio=120 prev_state=R ==> next_comm=DPUCZDX8G_2 next_pid=1898 next_prio=120
     DPUCZDX8G_2-1898    [001] d.... 1797403.962002: sched_switch: prev_comm=DPUCZDX8G_2 prev_pid=1898 prev_prio=120 prev_state=D ==> next_comm=test_performanc next_pid=145971 next_prio=120
 test_performanc-145971  [001] d.... 1797403.962023: sched_switch: prev_comm=test_performanc prev_pid=145971 prev_prio=120 prev_state=S ==> next_comm=swapper/1 next_pid=0 next_prio=120
          <idle>-0       [003] d.... 1797403.972053: sched_switch: prev_comm=swapper/3 prev_pid=0 prev_prio=120 prev_state=R ==> next_comm=test_performanc next_pid=145970 next_prio=120
 test_performanc-145970  [003] d.... 1797403.974293: sched_switch: prev_comm=test_performanc prev_pid=145970 prev_prio=120 prev_state=S ==> next_comm=swapper/3 next_pid=0 next_prio=120
     DPUCZDX8G_2-1898    [001] d.... 1797404.032957: sched_switch: prev_comm=DPUCZDX8G_2 prev_pid=1898 prev_prio=120 prev_state=S ==> next_comm=test_performanc next_pid=145971 next_prio=120
 test_performanc-145971  [001] d.... 1797404.035228: sched_switch: prev_comm=test_performanc prev_pid=145971 prev_prio=120 prev_state=R ==> next_comm=DPUCZDX8G_2 next_pid=1898 next_prio=120
     DPUCZDX8G_2-1898    [001] d.... 1797404.035252: sched_switch: prev_comm=DPUCZDX8G_2 prev_pid=1898 prev_prio=120 prev_state=D ==> next_comm=test_performanc next_pid=145971 next_prio=120
 test_performanc-145971  [001] d.... 1797404.035283: sched_switch: prev_comm=test_performanc prev_pid=145971 prev_prio=120 prev_state=S ==> next_comm=swapper/1 next_pid=0 next_prio=120
          <idle>-0       [003] d.... 1797404.043115: sched_switch: prev_comm=swapper/3 prev_pid=0 prev_prio=120 prev_state=R ==> next_comm=test_performanc next_pid=145970 next_prio=120
 test_performanc-145970  [003] d.... 1797404.045543: sched_switch: prev_comm=test_performanc prev_pid=145970 prev_prio=120 prev_state=S ==> next_comm=swapper/3 next_pid=0 next_prio=120
     DPUCZDX8G_2-1898    [001] d.... 1797404.106196: sched_switch: prev_comm=DPUCZDX8G_2 prev_pid=1898 prev_prio=120 prev_state=S ==> next_comm=test_performanc next_pid=145971 next_prio=120
 test_performanc-145971  [001] d.... 1797404.108514: sched_switch: prev_comm=test_performanc prev_pid=145971 prev_prio=120 prev_state=R ==> next_comm=DPUCZDX8G_2 next_pid=1898 next_prio=120
     DPUCZDX8G_2-1898    [001] d.... 1797404.108535: sched_switch: prev_comm=DPUCZDX8G_2 prev_pid=1898 prev_prio=120 prev_state=D ==> next_comm=test_performanc next_pid=145971 next_prio=120
 test_performanc-145971  [001] d.... 1797404.108557: sched_switch: prev_comm=test_performanc prev_pid=145971 prev_prio=120 prev_state=S ==> next_comm=swapper/1 next_pid=0 next_prio=120
          <idle>-0       [003] d.... 1797404.114372: sched_switch: prev_comm=swapper/3 prev_pid=0 prev_prio=120 prev_state=R ==> next_comm=test_performanc next_pid=145970 next_prio=120
 test_performanc-145970  [003] d.... 1797404.116793: sched_switch: prev_comm=test_performanc prev_pid=145970 prev_prio=120 prev_state=S ==> next_comm=swapper/3 next_pid=0 next_prio=120
     DPUCZDX8G_2-1898    [001] d.... 1797404.179397: sched_switch: prev_comm=DPUCZDX8G_2 prev_pid=1898 prev_prio=120 prev_state=S ==> next_comm=test_performanc next_pid=145971 next_prio=120
 test_performanc-145971  [001] d.... 1797404.181733: sched_switch: prev_comm=test_performanc prev_pid=145971 prev_prio=120 prev_state=R ==> next_comm=DPUCZDX8G_2 next_pid=1898 next_prio=120
     DPUCZDX8G_2-1898    [001] d.... 1797404.181754: sched_switch: prev_comm=DPUCZDX8G_2 prev_pid=1898 prev_prio=120 prev_state=D ==> next_comm=test_performanc next_pid=145971 next_prio=120
 test_performanc-145971  [001] d.... 1797404.181776: sched_switch: prev_comm=test_performanc prev_pid=145971 prev_prio=120 prev_state=S ==> next_comm=swapper/1 next_pid=0 next_prio=120
          <idle>-0       [003] d.... 1797404.185563: sched_switch: prev_comm=swapper/3 prev_pid=0 prev_prio=120 prev_state=R ==> next_comm=test_performanc next_pid=145970 next_prio=120
 test_performanc-145970  [003] d.... 1797404.188147: sched_switch: prev_comm=test_performanc prev_pid=145970 prev_prio=120 prev_state=S ==> next_comm=swapper/3 next_pid=0 next_prio=120
     DPUCZDX8G_2-1898    [001] d.... 1797404.252876: sched_switch: prev_comm=DPUCZDX8G_2 prev_pid=1898 prev_prio=120 prev_state=S ==> next_comm=test_performanc next_pid=145971 next_prio=120
 test_performanc-145971  [001] d.... 1797404.255308: sched_switch: prev_comm=test_performanc prev_pid=145971 prev_prio=120 prev_state=R ==> next_comm=DPUCZDX8G_2 next_pid=1898 next_prio=120
     DPUCZDX8G_2-1898    [001] d.... 1797404.255337: sched_switch: prev_comm=DPUCZDX8G_2 prev_pid=1898 prev_prio=120 prev_state=D ==> next_comm=test_performanc next_pid=145971 next_prio=120
 test_performanc-145971  [001] d.... 1797404.255367: sched_switch: prev_comm=test_performanc prev_pid=145971 prev_prio=120 prev_state=S ==> next_comm=swapper/1 next_pid=0 next_prio=120
          <idle>-0       [003] d.... 1797404.256938: sched_switch: prev_comm=swapper/3 prev_pid=0 prev_prio=120 prev_state=R ==> next_comm=test_performanc next_pid=145970 next_prio=120
 test_performanc-145970  [003] d.... 1797404.259476: sched_switch: prev_comm=test_performanc prev_pid=145970 prev_prio=120 prev_state=S ==> next_comm=swapper/3 next_pid=0 next_prio=120
     DPUCZDX8G_2-1898    [001] d.... 1797404.326548: sched_switch: prev_comm=DPUCZDX8G_2 prev_pid=1898 prev_prio=120 prev_state=S ==> next_comm=test_performanc next_pid=145971 next_prio=120
          <idle>-0       [003] d.... 1797404.328358: sched_switch: prev_comm=swapper/3 prev_pid=0 prev_prio=120 prev_state=R ==> next_comm=test_performanc next_pid=145970 next_prio=120
 test_performanc-145971  [001] d.... 1797404.328954: sched_switch: prev_comm=test_performanc prev_pid=145971 prev_prio=120 prev_state=R ==> next_comm=DPUCZDX8G_2 next_pid=1898 next_prio=120
     DPUCZDX8G_2-1898    [001] d.... 1797404.328979: sched_switch: prev_comm=DPUCZDX8G_2 prev_pid=1898 prev_prio=120 prev_state=D ==> next_comm=test_performanc next_pid=145971 next_prio=120
 test_performanc-145971  [001] d.... 1797404.329004: sched_switch: prev_comm=test_performanc prev_pid=145971 prev_prio=120 prev_state=S ==> next_comm=swapper/1 next_pid=0 next_prio=120
 test_performanc-145970  [003] d.... 1797404.330581: sched_switch: prev_comm=test_performanc prev_pid=145970 prev_prio=120 prev_state=S ==> next_comm=swapper/3 next_pid=0 next_prio=120
          <idle>-0       [003] d.... 1797404.399378: sched_switch: prev_comm=swapper/3 prev_pid=0 prev_prio=120 prev_state=R ==> next_comm=test_performanc next_pid=145970 next_prio=120
     DPUCZDX8G_2-1898    [001] d.... 1797404.400193: sched_switch: prev_comm=DPUCZDX8G_2 prev_pid=1898 prev_prio=120 prev_state=S ==> next_comm=test_performanc next_pid=145971 next_prio=120
 test_performanc-145970  [003] d.... 1797404.401586: sched_switch: prev_comm=test_performanc prev_pid=145970 prev_prio=120 prev_state=S ==> next_comm=swapper/3 next_pid=0 next_prio=120
 test_performanc-145971  [001] d.... 1797404.402293: sched_switch: prev_comm=test_performanc prev_pid=145971 prev_prio=120 prev_state=R ==> next_comm=DPUCZDX8G_2 next_pid=1898 next_prio=120
     DPUCZDX8G_2-1898    [001] d.... 1797404.402317: sched_switch: prev_comm=DPUCZDX8G_2 prev_pid=1898 prev_prio=120 prev_state=D ==> next_comm=test_performanc next_pid=145971 next_prio=120
 test_performanc-145971  [001] d.... 1797404.402334: sched_switch: prev_comm=test_performanc prev_pid=145971 prev_prio=120 prev_state=S ==> next_comm=swapper/1 next_pid=0 next_prio=120
          <idle>-0       [003] d.... 1797404.470597: sched_switch: prev_comm=swapper/3 prev_pid=0 prev_prio=120 prev_state=R ==> next_comm=test_performanc next_pid=145970 next_prio=120
 test_performanc-145970  [003] d.... 1797404.472760: sched_switch: prev_comm=test_performanc prev_pid=145970 prev_prio=120 prev_state=S ==> next_comm=swapper/3 next_pid=0 next_prio=120
     DPUCZDX8G_2-1898    [001] d.... 1797404.473491: sched_switch: prev_comm=DPUCZDX8G_2 prev_pid=1898 prev_prio=120 prev_state=S ==> next_comm=test_performanc next_pid=145971 next_prio=120
 test_performanc-145971  [001] d.... 1797404.476280: sched_switch: prev_comm=test_performanc prev_pid=145971 prev_prio=120 prev_state=R ==> next_comm=DPUCZDX8G_2 next_pid=1898 next_prio=120
     DPUCZDX8G_2-1898    [001] d.... 1797404.476310: sched_switch: prev_comm=DPUCZDX8G_2 prev_pid=1898 prev_prio=120 prev_state=D ==> next_comm=test_performanc next_pid=145971 next_prio=120
 test_performanc-145971  [001] d.... 1797404.476330: sched_switch: prev_comm=test_performanc prev_pid=145971 prev_prio=120 prev_state=S ==> next_comm=swapper/1 next_pid=0 next_prio=120
          <idle>-0       [003] d.... 1797404.541443: sched_switch: prev_comm=swapper/3 prev_pid=0 prev_prio=120 prev_state=R ==> next_comm=test_performanc next_pid=145970 next_prio=120
 test_performanc-145970  [003] d.... 1797404.543746: sched_switch: prev_comm=test_performanc prev_pid=145970 prev_prio=120 prev_state=S ==> next_comm=swapper/3 next_pid=0 next_prio=120
     DPUCZDX8G_2-1898    [001] d.... 1797404.547402: sched_switch: prev_comm=DPUCZDX8G_2 prev_pid=1898 prev_prio=120 prev_state=S ==> next_comm=test_performanc next_pid=145971 next_prio=120
 test_performanc-145971  [001] d.... 1797404.549917: sched_switch: prev_comm=test_performanc prev_pid=145971 prev_prio=120 prev_state=R ==> next_comm=DPUCZDX8G_2 next_pid=1898 next_prio=120
     DPUCZDX8G_2-1898    [001] d.... 1797404.549950: sched_switch: prev_comm=DPUCZDX8G_2 prev_pid=1898 prev_prio=120 prev_state=D ==> next_comm=test_performanc next_pid=145971 next_prio=120
 test_performanc-145971  [001] d.... 1797404.549985: sched_switch: prev_comm=test_performanc prev_pid=145971 prev_prio=120 prev_state=S ==> next_comm=swapper/1 next_pid=0 next_prio=120
          <idle>-0       [003] d.... 1797404.612670: sched_switch: prev_comm=swapper/3 prev_pid=0 prev_prio=120 prev_state=R ==> next_comm=test_performanc next_pid=145970 next_prio=120
 test_performanc-145970  [003] d.... 1797404.614873: sched_switch: prev_comm=test_performanc prev_pid=145970 prev_prio=120 prev_state=S ==> next_comm=swapper/3 next_pid=0 next_prio=120
     DPUCZDX8G_2-1898    [001] d.... 1797404.621036: sched_switch: prev_comm=DPUCZDX8G_2 prev_pid=1898 prev_prio=120 prev_state=S ==> next_comm=test_performanc next_pid=145971 next_prio=120
 test_performanc-145971  [001] d.... 1797404.623530: sched_switch: prev_comm=test_performanc prev_pid=145971 prev_prio=120 prev_state=R ==> next_comm=DPUCZDX8G_2 next_pid=1898 next_prio=120
     DPUCZDX8G_2-1898    [001] d.... 1797404.623553: sched_switch: prev_comm=DPUCZDX8G_2 prev_pid=1898 prev_prio=120 prev_state=D ==> next_comm=test_performanc next_pid=145971 next_prio=120
 test_performanc-145971  [001] d.... 1797404.623594: sched_switch: prev_comm=test_performanc prev_pid=145971 prev_prio=120 prev_state=S ==> next_comm=swapper/1 next_pid=0 next_prio=120
          <idle>-0       [003] d.... 1797404.683562: sched_switch: prev_comm=swapper/3 prev_pid=0 prev_prio=120 prev_state=R ==> next_comm=test_performanc next_pid=145970 next_prio=120
 test_performanc-145970  [003] d.... 1797404.685795: sched_switch: prev_comm=test_performanc prev_pid=145970 prev_prio=120 prev_state=S ==> next_comm=swapper/3 next_pid=0 next_prio=120
     DPUCZDX8G_2-1898    [001] d.... 1797404.694474: sched_switch: prev_comm=DPUCZDX8G_2 prev_pid=1898 prev_prio=120 prev_state=S ==> next_comm=test_performanc next_pid=145971 next_prio=120
 test_performanc-145971  [001] d.... 1797404.696767: sched_switch: prev_comm=test_performanc prev_pid=145971 prev_prio=120 prev_state=R ==> next_comm=DPUCZDX8G_2 next_pid=1898 next_prio=120
